MPLINK 4.43, Linker
Linker Map File - Created Tue Jul 17 00:01:23 2012

                                 Section Info
                  Section       Type    Address   Location Size(Bytes)
                ---------  ---------  ---------  ---------  ---------
               _entry_scn       code   0x000000    program   0x000006
        BootHighISRVector       code   0x000008    program   0x000006
         BootLowISRVector       code   0x000018    program   0x000006
             HardwareInfo    romdata   0x000040    program   0x00002c
           AppResetVector       code   0x001000    program   0x000006
         AppHighISRVector       code   0x001008    program   0x000006
       .romdata_Numeric.o    romdata   0x001010    program   0x000004
           .code___init.o       code   0x001014    program   0x000002
              SEED_DATA_i    romdata   0x001016    program   0x000002
          AppLowISRVector       code   0x001018    program   0x000006
                   .cinit    romdata   0x001020    program   0x00007a
               .code_IP.o       code   0x00109a    program   0x0002ea
             .code_Flow.o       code   0x001384    program   0x00005c
              D1KTCYXCODE       code   0x0013e0    program   0x000020
             .code_FSIO.o       code   0x001800    program   0x00644a
              .code_TCP.o       code   0x007c4a    program   0x0039b8
              .code_HMI.o       code   0x00b602    program   0x0023c6
           .code_SD-SPI.o       code   0x00d9c8    program   0x001712
       .code_usb_device.o       code   0x00f0da    program   0x0011f6
         .code_ENC28J60.o       code   0x0102d0    program   0x0011c2
           .code_Config.o       code   0x011492    program   0x001168
             .code_HTTP.o       code   0x0125fa    program   0x000e1a
 .code_usb_function_msd.o       code   0x013414    program   0x000dda
          .code_Helpers.o       code   0x0141ee    program   0x000ada
          .romdata_Main.o    romdata   0x014cc8    program   0x0009a7
           .romdata_HMI.o    romdata   0x01566f    program   0x0008df
     .romdata_Microchip.o    romdata   0x015f4e    program   0x000857
      .romdata_Editable.o    romdata   0x0167a5    program   0x000856
.romdata_glcd_functions.o    romdata   0x016ffb    program   0x000850
          .romdata_Tick.o    romdata   0x01784b    program   0x000000
           .romdata_ARP.o    romdata   0x01784b    program   0x000000
         .idata_Delay.o_i    romdata   0x01784b    program   0x000000
      .romdata_ENC28J60.o    romdata   0x01784b    program   0x000000
       .idata_Helpers.o_i    romdata   0x01784b    program   0x000000
         .romdata_Ports.o    romdata   0x01784b    program   0x000000
          .idata_ICMP.o_i    romdata   0x01784b    program   0x000000
          .romdata_ICMP.o    romdata   0x01784b    program   0x000000
         .idata_Ports.o_i    romdata   0x01784b    program   0x000000
      .idata_StackTsk.o_i    romdata   0x01784b    program   0x000000
.idata_usb_descriptors.o_i    romdata   0x01784b    program   0x000000
    .romdata_usb_device.o    romdata   0x01784b    program   0x000000
.idata_usb_function_generic.o_i    romdata   0x01784b    program   0x000000
.romdata_usb_function_msd.o    romdata   0x01784b    program   0x000000
        .idata___init.o_i    romdata   0x01784b    program   0x000000
        .romdata___init.o    romdata   0x01784b    program   0x000000
       .idata_pow2x16.o_i    romdata   0x01784b    program   0x000000
       .romdata_pow2x16.o    romdata   0x01784b    program   0x000000
         .romdata_Flash.o    romdata   0x01784b    program   0x000000
  .romdata_HardwareInfo.o    romdata   0x01784b    program   0x000000
        .idata_Buzzer.o_i    romdata   0x01784b    program   0x000000
.idata_glcd_functions.o_i    romdata   0x01784b    program   0x000000
        .romdata_Config.o    romdata   0x01784b    program   0x000000
          .idata_Flow.o_i    romdata   0x01784b    program   0x000000
      .idata_Editable.o_i    romdata   0x01784b    program   0x000000
            .code_Delay.o       code   0x01784c    program   0x000000
         .code_c018iz_e.o       code   0x01784c    program   0x000000
.code_usb_function_generic.o       code   0x01784c    program   0x000000
             .code_Main.o       code   0x01784c    program   0x0007fc
        .code_Microchip.o       code   0x018048    program   0x00070c
              .code_Log.o       code   0x018754    program   0x0006ce
         .code_Editable.o       code   0x018e22    program   0x00068e
             .stringtable    romdata   0x0194b0    program   0x000599
            .romdata_IP.o    romdata   0x019a49    program   0x000000
          .romdata_Flow.o    romdata   0x019a49    program   0x000000
       .romdata_Helpers.o    romdata   0x019a49    program   0x000000
      .idata_ENC28J60.o_i    romdata   0x019a49    program   0x000000
         .romdata_Delay.o    romdata   0x019a49    program   0x000000
  .idata_HardwareInfo.o_i    romdata   0x019a49    program   0x000000
      .romdata_StackTsk.o    romdata   0x019a49    program   0x000000
         .idata_Flash.o_i    romdata   0x019a49    program   0x000000
    .idata_usb_device.o_i    romdata   0x019a49    program   0x000000
.romdata_usb_function_generic.o    romdata   0x019a49    program   0x000000
.idata_usb_function_msd.o_i    romdata   0x019a49    program   0x000000
        .idata_Config.o_i    romdata   0x019a49    program   0x000000
        .romdata_Buzzer.o    romdata   0x019a49    program   0x000000
        .idata_setjmp.o_i    romdata   0x019a49    program   0x000000
        .romdata_setjmp.o    romdata   0x019a49    program   0x000000
      .romdata_c018iz_e.o    romdata   0x019a49    program   0x000000
      .idata_c018iz_e.o_i    romdata   0x019a49    program   0x000000
          .idata_IADC.o_i    romdata   0x019a49    program   0x000000
    .idata_melacs_spi.o_i    romdata   0x019a49    program   0x000000
         .idata_Utils.o_i    romdata   0x019a49    program   0x000000
         .romdata_Utils.o    romdata   0x019a49    program   0x000000
          .idata_Main.o_i    romdata   0x019a49    program   0x000000
          .romdata_FSIO.o    romdata   0x019a49    program   0x000000
        .idata_SD-SPI.o_i    romdata   0x019a49    program   0x000000
           .idata_ARP.o_i    romdata   0x019a49    program   0x000000
       .code_melacs_spi.o       code   0x019a4a    program   0x000596
     .code_HardwareInfo.o       code   0x019a4a    program   0x000000
  .code_usb_descriptors.o       code   0x019a4a    program   0x000000
              .code_ARP.o       code   0x019fe0    program   0x0004de
   .code_glcd_functions.o       code   0x01a4be    program   0x000432
                     PROG       code   0x01a8f0    program   0x0003fe
                   STRING       code   0x01acee    program   0x0002b6
          .code_Numeric.o       code   0x01afa4    program   0x00027c
         .code_StackTsk.o       code   0x01b220    program   0x000192
             .code_Tick.o       code   0x01b3b2    program   0x00013a
             .code_IADC.o       code   0x01b4ec    program   0x0000e4
             .code_ICMP.o       code   0x01b5d0    program   0x0000de
          .romdata_HTTP.o    romdata   0x01b6ae    program   0x0000c4
.romdata_usb_descriptors.o    romdata   0x01b772    program   0x0000b0
               _cinit_scn       code   0x01b822    program   0x00009e
            .code_Utils.o       code   0x01b8c0    program   0x00009c
           .code_Buzzer.o       code   0x01b95c    program   0x00008a
            .code_Flash.o       code   0x01b9e6    program   0x000082
                    CTYPE       code   0x01ba68    program   0x000050
        .romdata_SD-SPI.o    romdata   0x01bab8    program   0x000050
           .code_setjmp.o       code   0x01bb08    program   0x000050
           .romdata_Log.o    romdata   0x01bb58    program   0x000046
                   STDLIB       code   0x01bb9e    program   0x000040
            .code_Ports.o       code   0x01bbde    program   0x00003c
                    .code       code   0x01bc1a    program   0x000020
             _startup_scn       code   0x01bc3a    program   0x00001e
              D10TCYXCODE       code   0x01bc58    program   0x000016
          .code_pow2x16.o       code   0x01bc6e    program   0x000016
           .romdata_TCP.o    romdata   0x01bc84    program   0x000012
    .romdata_melacs_spi.o    romdata   0x01bc96    program   0x00000e
          .romdata_IADC.o    romdata   0x01bca4    program   0x00000b
          .idata_Tick.o_i    romdata   0x01bcaf    program   0x000004
           .idata_TCP.o_i    romdata   0x01bcb3    program   0x000002
       .idata_Numeric.o_i    romdata   0x01bcb5    program   0x000004
     .idata_Microchip.o_i    romdata   0x01bcb9    program   0x000002
           .idata_Log.o_i    romdata   0x01bcbb    program   0x000002
            .idata_IP.o_i    romdata   0x01bcbd    program   0x000002
          .idata_HTTP.o_i    romdata   0x01bcbf    program   0x000005
           .idata_HMI.o_i    romdata   0x01bcc4    program   0x00000b
          .idata_FSIO.o_i    romdata   0x01bccf    program   0x00000e
    .config_1fff8_Ports.o    romdata   0x01fff8    program   0x000001
    .config_1fff9_Ports.o    romdata   0x01fff9    program   0x000001
    .config_1fffa_Ports.o    romdata   0x01fffa    program   0x000001
    .config_1fffb_Ports.o    romdata   0x01fffb    program   0x000001
    .config_1fffc_Ports.o    romdata   0x01fffc    program   0x000001
    .config_1fffd_Ports.o    romdata   0x01fffd    program   0x000001
            .udata_Main.o      udata   0x000000       data   0x00005b
            .idata_HTTP.o      idata   0x00005b       data   0x000005
              FileHandles      udata   0x000060       data   0x00009f
                DELAYDAT1      udata   0x0000ff       data   0x000001
            .udata_FSIO.o      udata   0x000100       data   0x0000a8
                 TCB_uRAM      udata   0x0001a8       data   0x000054
                MATH_DATA      udata   0x0001fc       data   0x000004
            .udata_HTTP.o      udata   0x000200       data   0x000092
             .udata_Log.o      udata   0x000292       data   0x000069
         .udata_Helpers.o      udata   0x0002fb       data   0x000004
              .udata_IP.o      udata   0x0002ff       data   0x000001
       .udata_Microchip.o      udata   0x000300       data   0x000079
          .udata_Config.o      udata   0x000379       data   0x000079
            .idata_FSIO.o      idata   0x0003f2       data   0x00000e
                  USB_BDT      udata   0x000400       data   0x00005c
.udata_usb_function_msd.o      udata   0x000500       data   0x000052
             .udata_TCP.o      udata   0x000552       data   0x000043
          .udata_SD-SPI.o      udata   0x000595       data   0x00003e
        .udata_Editable.o      udata   0x0005d3       data   0x000027
           .udata_Utils.o      udata   0x0005fa       data   0x000006
       SYN_QUEUE_RAM_SECT      udata   0x000600       data   0x00003c
         .udata_Numeric.o      udata   0x00063c       data   0x000030
      .udata_melacs_spi.o      udata   0x00066c       data   0x000022
            .udata_IADC.o      udata   0x00068e       data   0x000018
            .udata_Flow.o      udata   0x0006a6       data   0x000015
             .udata_HMI.o      udata   0x0006bb       data   0x000013
                 .tmpdata      udata   0x0006ce       data   0x000010
Microchip_InterruptHook_tmp      udata   0x0006de       data   0x00000c
        .udata_StackTsk.o      udata   0x0006ea       data   0x00000b
             .idata_HMI.o      idata   0x0006f5       data   0x00000b
             .udata_ARP.o      udata   0x000700       data   0x00000a
            .udata_Tick.o      udata   0x00070a       data   0x000006
        .udata_ENC28J60.o      udata   0x000710       data   0x000006
            .idata_Tick.o      idata   0x000716       data   0x000004
         .idata_Numeric.o      idata   0x00071a       data   0x000004
                SEED_DATA      idata   0x00071e       data   0x000002
  .udata_glcd_functions.o      udata   0x000720       data   0x000002
             .idata_TCP.o      idata   0x000722       data   0x000002
       .idata_Microchip.o      idata   0x000724       data   0x000002
             .idata_Log.o      idata   0x000726       data   0x000002
              .idata_IP.o      idata   0x000728       data   0x000002
         .idata_pow2x16.o      idata   0x00072a       data   0x000000
         .udata_pow2x16.o      udata   0x00072a       data   0x000000
          .idata___init.o      idata   0x00072a       data   0x000000
        .idata_StackTsk.o      idata   0x00072a       data   0x000000
          .udata___init.o      udata   0x00072a       data   0x000000
.idata_usb_function_msd.o      idata   0x00072a       data   0x000000
.idata_usb_function_generic.o      idata   0x00072a       data   0x000000
 .udata_usb_descriptors.o      udata   0x00072a       data   0x000000
          .udata_setjmp.o      udata   0x00072a       data   0x000000
.udata_usb_function_generic.o      udata   0x00072a       data   0x000000
            .idata_ICMP.o      idata   0x00072a       data   0x000000
          .idata_setjmp.o      idata   0x00072a       data   0x000000
            .udata_ICMP.o      udata   0x00072a       data   0x000000
      .idata_usb_device.o      idata   0x00072a       data   0x000000
 .idata_usb_descriptors.o      idata   0x00072a       data   0x000000
        .idata_c018iz_e.o      idata   0x00072a       data   0x000000
            .idata_Main.o      idata   0x00072a       data   0x000000
           .udata_Ports.o      udata   0x00072a       data   0x000000
           .idata_Ports.o      idata   0x00072a       data   0x000000
          .udata_Buzzer.o      udata   0x00072a       data   0x000000
          .idata_Buzzer.o      idata   0x00072a       data   0x000000
          .idata_Config.o      idata   0x00072a       data   0x000000
        .idata_Editable.o      idata   0x00072a       data   0x000000
           .udata_Flash.o      udata   0x00072a       data   0x000000
           .idata_Flash.o      idata   0x00072a       data   0x000000
            .idata_Flow.o      idata   0x00072a       data   0x000000
  .idata_glcd_functions.o      idata   0x00072a       data   0x000000
    .udata_HardwareInfo.o      udata   0x00072a       data   0x000000
    .idata_HardwareInfo.o      idata   0x00072a       data   0x000000
         .idata_Helpers.o      idata   0x00072a       data   0x000000
            .idata_IADC.o      idata   0x00072a       data   0x000000
      .idata_melacs_spi.o      idata   0x00072a       data   0x000000
           .idata_Utils.o      idata   0x00072a       data   0x000000
        .idata_ENC28J60.o      idata   0x00072a       data   0x000000
           .idata_Delay.o      idata   0x00072a       data   0x000000
           .udata_Delay.o      udata   0x00072a       data   0x000000
             .idata_ARP.o      idata   0x00072a       data   0x000000
          .idata_SD-SPI.o      idata   0x00072a       data   0x000000
               DataBuffer      udata   0x000a00       data   0x000200
                FATBuffer      udata   0x000c00       data   0x000200
                   .stack      udata   0x000e00       data   0x000100
      .udata_usb_device.o      udata   0x000f00       data   0x000030
        .udata_c018iz_e.o      udata   0x000f30       data   0x00000a
              Breadcrumbs      udata   0x000f3a       data   0x000006
              SFR_BANKED0      udata   0x000f40       data   0x000020
            SFR_UNBANKED0      udata   0x000f60       data   0x0000a0



                              Program Memory Usage 
                               Start         End      
                           ---------   ---------      
                            0x000000    0x000005      
                            0x000008    0x00000d      
                            0x000018    0x00001d      
                            0x000040    0x00006b      
                            0x001000    0x001005      
                            0x001008    0x00100d      
                            0x001010    0x00101d      
                            0x001020    0x0013ff      
                            0x001800    0x01784a      
                            0x01784c    0x019a48      
                            0x019a4a    0x01bcdc      
                            0x01fff8    0x01fffd      
            108825 out of 127064 program addresses used, program memory utilization is 85%



                              Symbols - Sorted by Name
                     Name    Address   Location    Storage File                     
                ---------  ---------  ---------  --------- ---------                
           ADCreadextract   0x019aac    program     extern C:\Users\Christian\Desktop\Projects\Melacs\mGit\Commons\OnboardADC.c
           ADCreadprepare   0x019a68    program     extern C:\Users\Christian\Desktop\Projects\Melacs\mGit\Commons\OnboardADC.c
              ARPAnnounce   0x01a46c    program     extern C:\Users\Christian\Desktop\Projects\Melacs\mGit\Commons\Microchip\TCPIP Stack\ARP.c
                  ARPInit   0x01a0fc    program     extern C:\Users\Christian\Desktop\Projects\Melacs\mGit\Commons\Microchip\TCPIP Stack\ARP.c
            ARPIsResolved   0x01a2dc    program     extern C:\Users\Christian\Desktop\Projects\Melacs\mGit\Commons\Microchip\TCPIP Stack\ARP.c
               ARPProcess   0x01a114    program     extern C:\Users\Christian\Desktop\Projects\Melacs\mGit\Commons\Microchip\TCPIP Stack\ARP.c
                   ARPPut   0x019fe0    program     static C:\Users\Christian\Desktop\Projects\Melacs\mGit\Commons\Microchip\TCPIP Stack\ARP.c
               ARPResolve   0x01a214    program     extern C:\Users\Christian\Desktop\Projects\Melacs\mGit\Commons\Microchip\TCPIP Stack\ARP.c
           ASMSPIReadLoop   0x00e480    program     static                          
 ASMSPIReadLoopEntryPoint   0x00e48c    program     static                          
           ASMSPIXmitLoop   0x00e86e    program     static                          
 ASMSPIXmitLoopEntryPoint   0x00e874    program     static                          
               AlarmCheck   0x017f3a    program     extern C:\Users\Christian\Desktop\Projects\Melacs\mGit\OnlyLogg\Src\Main.c
              AnswerAlarm   0x015ed7    program     static C:\Users\Christian\Desktop\Projects\Melacs\mGit\Commons\lang.h
          AnswerAlgorithm   0x015f23    program     static C:\Users\Christian\Desktop\Projects\Melacs\mGit\OnlyLogg\Src\HMI.c
             AnswerCancel   0x015ebd    program     static C:\Users\Christian\Desktop\Projects\Melacs\mGit\Commons\lang.h
              AnswerEvent   0x015f44    program     static C:\Users\Christian\Desktop\Projects\Melacs\mGit\OnlyLogg\Src\HMI.c
     AnswerHeatProtection   0x015f2e    program     static C:\Users\Christian\Desktop\Projects\Melacs\mGit\OnlyLogg\Src\HMI.c
               AnswerSave   0x015eb7    program     static C:\Users\Christian\Desktop\Projects\Melacs\mGit\Commons\lang.h
            AnswerTempOut   0x015f19    program     static C:\Users\Christian\Desktop\Projects\Melacs\mGit\OnlyLogg\Src\HMI.c
           AnswerTimeDate   0x015ec5    program     static C:\Users\Christian\Desktop\Projects\Melacs\mGit\Commons\lang.h
                   BFCReg   0x011390    program     static C:\Users\Christian\Desktop\Projects\Melacs\mGit\Commons\Microchip\TCPIP Stack\ENC28J60.c
                   BFSReg   0x0113c8    program     static C:\Users\Christian\Desktop\Projects\Melacs\mGit\Commons\Microchip\TCPIP Stack\ENC28J60.c
                  BankSel   0x011468    program     static C:\Users\Christian\Desktop\Projects\Melacs\mGit\Commons\Microchip\TCPIP Stack\ENC28J60.c
            Button_Cancel   0x015eaa    program     static C:\Users\Christian\Desktop\Projects\Melacs\mGit\Commons\lang.h
             Button_Force   0x015eb1    program     static C:\Users\Christian\Desktop\Projects\Melacs\mGit\Commons\lang.h
                Button_Ok   0x015ea2    program     static C:\Users\Christian\Desktop\Projects\Melacs\mGit\Commons\lang.h
              Button_Save   0x015ea5    program     static C:\Users\Christian\Desktop\Projects\Melacs\mGit\Commons\lang.h
             Buzzer_Click   0x01b95c    program     extern C:\Users\Christian\Desktop\Projects\Melacs\mGit\Commons\Buzzer.c
       ByteToStrWithZeros   0x01b8c0    program     extern C:\Users\Christian\Desktop\Projects\Melacs\mGit\Commons\Utils.c
         Cache_File_Entry   0x002f40    program     extern C:\Users\Christian\Desktop\Projects\Melacs\mGit\Commons\Microchip\MDD File System\FSIO.c
     CalcIPBufferChecksum   0x010ccc    program     extern C:\Users\Christian\Desktop\Projects\Melacs\mGit\Commons\Microchip\TCPIP Stack\ENC28J60.c
           CalcIPChecksum   0x014a88    program     extern C:\Users\Christian\Desktop\Projects\Melacs\mGit\Commons\Microchip\TCPIP Stack\Helpers.c
         Cfg_CompareFlash   0x012164    program     static C:\Users\Christian\Desktop\Projects\Melacs\mGit\Commons\Config.c
          Cfg_ExpectToken   0x011982    program     static C:\Users\Christian\Desktop\Projects\Melacs\mGit\Commons\Config.c
             Cfg_FormatIP   0x012502    program     extern C:\Users\Christian\Desktop\Projects\Melacs\mGit\Commons\Config.c
            Cfg_FormatInt   0x0122be    program     extern C:\Users\Christian\Desktop\Projects\Melacs\mGit\Commons\Config.c
            Cfg_FormatMAC   0x01257e    program     extern C:\Users\Christian\Desktop\Projects\Melacs\mGit\Commons\Config.c
           Cfg_FormatUInt   0x012448    program     extern C:\Users\Christian\Desktop\Projects\Melacs\mGit\Commons\Config.c
              Cfg_GetChar   0x0115ac    program     static C:\Users\Christian\Desktop\Projects\Melacs\mGit\Commons\Config.c
             Cfg_GetToken   0x011618    program     static C:\Users\Christian\Desktop\Projects\Melacs\mGit\Commons\Config.c
            Cfg_LookupVar   0x01151a    program     static C:\Users\Christian\Desktop\Projects\Melacs\mGit\Commons\Config.c
             Cfg_ParseAll   0x0119aa    program     extern C:\Users\Christian\Desktop\Projects\Melacs\mGit\Commons\Config.c
            Cfg_ParseFile   0x011ee8    program     extern C:\Users\Christian\Desktop\Projects\Melacs\mGit\Commons\Config.c
           Cfg_ParseFlash   0x012210    program     extern C:\Users\Christian\Desktop\Projects\Melacs\mGit\Commons\Config.c
             Cfg_ParseOne   0x011abe    program     extern C:\Users\Christian\Desktop\Projects\Melacs\mGit\Commons\Config.c
            Cfg_PutBuffer   0x011bea    program     static C:\Users\Christian\Desktop\Projects\Melacs\mGit\Commons\Config.c
              Cfg_PutChar   0x011b76    program     static C:\Users\Christian\Desktop\Projects\Melacs\mGit\Commons\Config.c
           Cfg_PutInteger   0x011c62    program     static C:\Users\Christian\Desktop\Projects\Melacs\mGit\Commons\Config.c
            Cfg_PutString   0x011c1e    program     static C:\Users\Christian\Desktop\Projects\Melacs\mGit\Commons\Config.c
             Cfg_ReadFile   0x011e68    program     static C:\Users\Christian\Desktop\Projects\Melacs\mGit\Commons\Config.c
            Cfg_ReadFlash   0x012002    program     static C:\Users\Christian\Desktop\Projects\Melacs\mGit\Commons\Config.c
              Cfg_SaveAll   0x011c9e    program     extern C:\Users\Christian\Desktop\Projects\Melacs\mGit\Commons\Config.c
             Cfg_SaveFile   0x011f82    program     extern C:\Users\Christian\Desktop\Projects\Melacs\mGit\Commons\Config.c
            Cfg_SaveFlash   0x01224a    program     extern C:\Users\Christian\Desktop\Projects\Melacs\mGit\Commons\Config.c
              Cfg_SaveOne   0x011db0    program     extern C:\Users\Christian\Desktop\Projects\Melacs\mGit\Commons\Config.c
        Cfg_StringCompare   0x011492    program     extern C:\Users\Christian\Desktop\Projects\Melacs\mGit\Commons\Config.c
            Cfg_WriteFile   0x011e84    program     static C:\Users\Christian\Desktop\Projects\Melacs\mGit\Commons\Config.c
           Cfg_WriteFlash   0x0120d8    program     static C:\Users\Christian\Desktop\Projects\Melacs\mGit\Commons\Config.c
                CloseSPIM   0x00e972    program     extern C:\Users\Christian\Desktop\Projects\Melacs\mGit\Commons\Microchip\MDD File System\SD-SPI.c
              CloseSocket   0x00a526    program     static C:\Users\Christian\Desktop\Projects\Melacs\mGit\Commons\Microchip\TCPIP Stack\TCP.c
           Cluster2Sector   0x00532e    program     extern C:\Users\Christian\Desktop\Projects\Melacs\mGit\Commons\Microchip\MDD File System\FSIO.c
                  Control   0x017f3c    program     extern C:\Users\Christian\Desktop\Projects\Melacs\mGit\OnlyLogg\Src\Main.c
          CreateFileEntry   0x003364    program     extern C:\Users\Christian\Desktop\Projects\Melacs\mGit\Commons\Microchip\MDD File System\FSIO.c
       CreateFirstCluster   0x0033dc    program     extern C:\Users\Christian\Desktop\Projects\Melacs\mGit\Commons\Microchip\MDD File System\FSIO.c
                    D10_1   0x01bc68    program     static C:\MCC18\src\extended\delays\d10tcyx.asm
                     D10x   0x01bc60    program     static C:\MCC18\src\extended\delays\d10tcyx.asm
                    D1K_1   0x0013ee    program     static C:\MCC18\src\extended\delays\d1ktcyx.asm
                     D1Kx   0x0013ec    program     static C:\MCC18\src\extended\delays\d1ktcyx.asm
                   D3232S   0x01aa14    program     static C:\MCC18\src\extended\math\div32s.asm
                D3232SNEG   0x01aa22    program     static C:\MCC18\src\extended\math\div32s.asm
                 D3232SOK   0x01aa1e    program     static C:\MCC18\src\extended\math\div32s.asm
                D3232SPOS   0x01aa40    program     static C:\MCC18\src\extended\math\div32s.asm
                  D3232SX   0x01aa76    program     static C:\MCC18\src\extended\math\div32s.asm
                  DA3232S   0x01a9fe    program     static C:\MCC18\src\extended\math\div32s.asm
                DISKmount   0x0021a4    program     extern C:\Users\Christian\Desktop\Projects\Melacs\mGit\Commons\Microchip\MDD File System\FSIO.c
              Delay10TCYx   0x01bc58    program     extern C:\MCC18\src\extended\delays\d10tcyx.asm
              Delay1KTCYx   0x0013e0    program     extern C:\MCC18\src\extended\delays\d1ktcyx.asm
                  Delayms   0x00e90e    program     extern C:\Users\Christian\Desktop\Projects\Melacs\mGit\Commons\Microchip\MDD File System\SD-SPI.c
           DisplayToolbar   0x00d554    program     static C:\Users\Christian\Desktop\Projects\Melacs\mGit\OnlyLogg\Src\HMI.c
           Display_Bitmap   0x01a8a0    program     extern C:\Users\Christian\Desktop\Projects\Melacs\mGit\Commons\glcd_functions.c
           Display_Buffer   0x01a842    program     extern C:\Users\Christian\Desktop\Projects\Melacs\mGit\Commons\glcd_functions.c
         Display_BufferAt   0x01a876    program     extern C:\Users\Christian\Desktop\Projects\Melacs\mGit\Commons\glcd_functions.c
             Display_Char   0x01a74a    program     extern C:\Users\Christian\Desktop\Projects\Melacs\mGit\Commons\glcd_functions.c
       Display_ClearPixel   0x01a6d6    program     extern C:\Users\Christian\Desktop\Projects\Melacs\mGit\Commons\glcd_functions.c
              Display_Cls   0x01a5b4    program     extern C:\Users\Christian\Desktop\Projects\Melacs\mGit\Commons\glcd_functions.c
           Display_Cursor   0x01a71e    program     extern C:\Users\Christian\Desktop\Projects\Melacs\mGit\Commons\glcd_functions.c
             Display_Init   0x01a628    program     extern C:\Users\Christian\Desktop\Projects\Melacs\mGit\Commons\glcd_functions.c
         Display_SetPixel   0x01a690    program     extern C:\Users\Christian\Desktop\Projects\Melacs\mGit\Commons\glcd_functions.c
           Display_String   0x01a7d0    program     extern C:\Users\Christian\Desktop\Projects\Melacs\mGit\Commons\glcd_functions.c
         Display_StringAt   0x01a814    program     extern C:\Users\Christian\Desktop\Projects\Melacs\mGit\Commons\glcd_functions.c
           DropBreadcrumb   0x01b942    program     extern C:\Users\Christian\Desktop\Projects\Melacs\mGit\Commons\Utils.c
              Edit_ADconv   0x00c416    program     static C:\Users\Christian\Desktop\Projects\Melacs\mGit\OnlyLogg\Src\HMI.c
               Edit_Begin   0x018e96    program     extern C:\Users\Christian\Desktop\Projects\Melacs\mGit\Commons\Editable.c
          Edit_Bootloader   0x00ce54    program     static C:\Users\Christian\Desktop\Projects\Melacs\mGit\OnlyLogg\Src\HMI.c
              Edit_Choice   0x019324    program     extern C:\Users\Christian\Desktop\Projects\Melacs\mGit\Commons\Editable.c
                Edit_Clip   0x019424    program     extern C:\Users\Christian\Desktop\Projects\Melacs\mGit\Commons\Editable.c
               Edit_Clock   0x00c120    program     extern C:\Users\Christian\Desktop\Projects\Melacs\mGit\OnlyLogg\Src\HMI.c
        Edit_Compile_Time   0x00cb72    program     static C:\Users\Christian\Desktop\Projects\Melacs\mGit\OnlyLogg\Src\HMI.c
Edit_DigitalPortConversion   0x00d09a    program     static C:\Users\Christian\Desktop\Projects\Melacs\mGit\OnlyLogg\Src\HMI.c
           Edit_ExtraLine   0x018ea4    program     extern C:\Users\Christian\Desktop\Projects\Melacs\mGit\Commons\Editable.c
               Edit_Focus   0x019132    program     static C:\Users\Christian\Desktop\Projects\Melacs\mGit\Commons\Editable.c
   Edit_HMIUpdateFreqency   0x00cfac    program     static C:\Users\Christian\Desktop\Projects\Melacs\mGit\OnlyLogg\Src\HMI.c
             Edit_Numeric   0x019158    program     extern C:\Users\Christian\Desktop\Projects\Melacs\mGit\Commons\Editable.c
         Edit_PrepareLine   0x018e22    program     static C:\Users\Christian\Desktop\Projects\Melacs\mGit\Commons\Editable.c
       Edit_PrepareUpdate   0x018e40    program     static C:\Users\Christian\Desktop\Projects\Melacs\mGit\Commons\Editable.c
           Edit_PutString   0x01908e    program     extern C:\Users\Christian\Desktop\Projects\Melacs\mGit\Commons\Editable.c
                Edit_Tool   0x0190ea    program     extern C:\Users\Christian\Desktop\Projects\Melacs\mGit\Commons\Editable.c
            Edit_ToolLeft   0x016fe2    program     static C:\Users\Christian\Desktop\Projects\Melacs\mGit\Commons\Editable.c
           Edit_ToolMinus   0x016fdf    program     static C:\Users\Christian\Desktop\Projects\Melacs\mGit\Commons\Editable.c
              Edit_ToolOk   0x016fd8    program     static C:\Users\Christian\Desktop\Projects\Melacs\mGit\Commons\Editable.c
            Edit_ToolPlus   0x016fdb    program     static C:\Users\Christian\Desktop\Projects\Melacs\mGit\Commons\Editable.c
           Edit_ToolRight   0x016fe5    program     static C:\Users\Christian\Desktop\Projects\Melacs\mGit\Commons\Editable.c
         Edit_TrueOrFalse   0x016ff2    program     extern C:\Users\Christian\Desktop\Projects\Melacs\mGit\Commons\Editable.c
              Edit_Update   0x018f00    program     extern C:\Users\Christian\Desktop\Projects\Melacs\mGit\Commons\Editable.c
             Edit_YesOrNo   0x016fe9    program     extern C:\Users\Christian\Desktop\Projects\Melacs\mGit\Commons\Editable.c
             EraseCluster   0x005212    program     extern C:\Users\Christian\Desktop\Projects\Melacs\mGit\Commons\Microchip\MDD File System\FSIO.c
  FAT_erase_cluster_chain   0x002d9a    program     extern C:\Users\Christian\Desktop\Projects\Melacs\mGit\Commons\Microchip\MDD File System\FSIO.c
      FATfindEmptyCluster   0x003c26    program     extern C:\Users\Christian\Desktop\Projects\Melacs\mGit\Commons\Microchip\MDD File System\FSIO.c
    FILECreateHeadCluster   0x005080    program     extern C:\Users\Christian\Desktop\Projects\Melacs\mGit\Commons\Microchip\MDD File System\FSIO.c
 FILEallocate_new_cluster   0x003a90    program     extern C:\Users\Christian\Desktop\Projects\Melacs\mGit\Commons\Microchip\MDD File System\FSIO.c
                FILEerase   0x004512    program     extern C:\Users\Christian\Desktop\Projects\Melacs\mGit\Commons\Microchip\MDD File System\FSIO.c
                 FILEfind   0x00187a    program     extern C:\Users\Christian\Desktop\Projects\Melacs\mGit\Commons\Microchip\MDD File System\FSIO.c
     FILEget_next_cluster   0x002036    program     extern C:\Users\Christian\Desktop\Projects\Melacs\mGit\Commons\Microchip\MDD File System\FSIO.c
               FILEin_use   0x001c74    program     static C:\Users\Christian\Desktop\Projects\Melacs\mGit\Commons\Microchip\MDD File System\FSIO.c
                 FILEopen   0x001d3c    program     extern C:\Users\Christian\Desktop\Projects\Melacs\mGit\Commons\Microchip\MDD File System\FSIO.c
                   FSInit   0x001800    program     extern C:\Users\Christian\Desktop\Projects\Melacs\mGit\Commons\Microchip\MDD File System\FSIO.c
                 FSattrib   0x005458    program     extern C:\Users\Christian\Desktop\Projects\Melacs\mGit\Commons\Microchip\MDD File System\FSIO.c
                  FSerror   0x00500c    program     extern C:\Users\Christian\Desktop\Projects\Melacs\mGit\Commons\Microchip\MDD File System\FSIO.c
                 FSfclose   0x003e16    program     extern C:\Users\Christian\Desktop\Projects\Melacs\mGit\Commons\Microchip\MDD File System\FSIO.c
                   FSfeof   0x005bd0    program     extern C:\Users\Christian\Desktop\Projects\Melacs\mGit\Commons\Microchip\MDD File System\FSIO.c
                  FSfopen   0x0046c0    program     extern C:\Users\Christian\Desktop\Projects\Melacs\mGit\Commons\Microchip\MDD File System\FSIO.c
                  FSfread   0x005c48    program     extern C:\Users\Christian\Desktop\Projects\Melacs\mGit\Commons\Microchip\MDD File System\FSIO.c
               FSfreadbuf   0x0060d4    program     extern C:\Users\Christian\Desktop\Projects\Melacs\mGit\Commons\Microchip\MDD File System\FSIO.c
                  FSfseek   0x0069ea    program     extern C:\Users\Christian\Desktop\Projects\Melacs\mGit\Commons\Microchip\MDD File System\FSIO.c
              FSftruncate   0x004eb6    program     extern C:\Users\Christian\Desktop\Projects\Melacs\mGit\Commons\Microchip\MDD File System\FSIO.c
                 FSfwrite   0x005586    program     extern C:\Users\Christian\Desktop\Projects\Melacs\mGit\Commons\Microchip\MDD File System\FSIO.c
                 FSremove   0x004d18    program     extern C:\Users\Christian\Desktop\Projects\Melacs\mGit\Commons\Microchip\MDD File System\FSIO.c
                 FSrewind   0x004f72    program     extern C:\Users\Christian\Desktop\Projects\Melacs\mGit\Commons\Microchip\MDD File System\FSIO.c
                FileError   0x00d756    program     extern C:\Users\Christian\Desktop\Projects\Melacs\mGit\OnlyLogg\Src\HMI.c
           FileObjectCopy   0x005016    program     extern C:\Users\Christian\Desktop\Projects\Melacs\mGit\Commons\Microchip\MDD File System\FSIO.c
         Fill_File_Object   0x00409c    program     extern C:\Users\Christian\Desktop\Projects\Melacs\mGit\Commons\Microchip\MDD File System\FSIO.c
         FindEmptyEntries   0x0034ae    program     extern C:\Users\Christian\Desktop\Projects\Melacs\mGit\Commons\Microchip\MDD File System\FSIO.c
       FindMatchingSocket   0x009e2c    program     static C:\Users\Christian\Desktop\Projects\Melacs\mGit\Commons\Microchip\TCPIP Stack\TCP.c
              Flash_Erase   0x01b9fa    program     extern C:\Users\Christian\Desktop\Projects\Melacs\mGit\Commons\Flash.c
            Flash_Execute   0x01b9e6    program     static C:\Users\Christian\Desktop\Projects\Melacs\mGit\Commons\Flash.c
              Flash_Write   0x01ba1c    program     extern C:\Users\Christian\Desktop\Projects\Melacs\mGit\Commons\Flash.c
                Flow_Init   0x001384    program     extern C:\Users\Christian\Desktop\Projects\Melacs\mGit\Commons\Flow.c
                     Font   0x0173fb    program     static C:\Users\Christian\Desktop\Projects\Melacs\mGit\Commons\Fonts\Font5x7.h
                     Font   0x01634e    program     static C:\Users\Christian\Desktop\Projects\Melacs\mGit\Commons\Fonts\Font5x7.h
                     Font   0x016ba5    program     static C:\Users\Christian\Desktop\Projects\Melacs\mGit\Commons\Fonts\Font5x7.h
                     Font   0x015a6f    program     static C:\Users\Christian\Desktop\Projects\Melacs\mGit\Commons\Fonts\Font5x7.h
                     Font   0x0150c8    program     static C:\Users\Christian\Desktop\Projects\Melacs\mGit\Commons\Fonts\Font5x7.h
           FormatFileName   0x00659c    program     extern C:\Users\Christian\Desktop\Projects\Melacs\mGit\Commons\Microchip\MDD File System\FSIO.c
        FormatNetBIOSName   0x014bfe    program     extern C:\Users\Christian\Desktop\Projects\Melacs\mGit\Commons\Microchip\TCPIP Stack\Helpers.c
           FunctionChoice   0x00d890    program     static C:\Users\Christian\Desktop\Projects\Melacs\mGit\OnlyLogg\Src\HMI.c
                 GLCDinit   0x017aa2    program     static C:\Users\Christian\Desktop\Projects\Melacs\mGit\OnlyLogg\Src\Main.c
      GenerateRandomDWORD   0x0141ee    program     extern C:\Users\Christian\Desktop\Projects\Melacs\mGit\Commons\Microchip\TCPIP Stack\Helpers.c
     GetFullClusterNumber   0x002b38    program     extern C:\Users\Christian\Desktop\Projects\Melacs\mGit\Commons\Microchip\MDD File System\FSIO.c
              GetTickCopy   0x01b3c2    program     static C:\Users\Christian\Desktop\Projects\Melacs\mGit\Commons\Microchip\TCPIP Stack\Tick.c
       HMIUpdateFrequence   0x00d662    program     static C:\Users\Christian\Desktop\Projects\Melacs\mGit\OnlyLogg\Src\HMI.c
         HMI_FullRootFunc   0x00d932    program     static C:\Users\Christian\Desktop\Projects\Melacs\mGit\OnlyLogg\Src\HMI.c
             HMI_RootFunc   0x00d964    program     static C:\Users\Christian\Desktop\Projects\Melacs\mGit\OnlyLogg\Src\HMI.c
                HMIupdate   0x00b602    program     extern C:\Users\Christian\Desktop\Projects\Melacs\mGit\OnlyLogg\Src\HMI.c
                 HTTPInit   0x01281c    program     static C:\Users\Christian\Desktop\Projects\Melacs\mGit\Commons\Microchip\TCPIP Stack\HTTP.c
             HTTPLoadConn   0x012796    program     static C:\Users\Christian\Desktop\Projects\Melacs\mGit\Commons\Microchip\TCPIP Stack\HTTP.c
              HTTP_Errors   0x01b6ee    program     static C:\Users\Christian\Desktop\Projects\Melacs\mGit\Commons\Microchip\TCPIP Stack\HTTP.c
         HTTP_FileContent   0x01b6ae    program     static C:\Users\Christian\Desktop\Projects\Melacs\mGit\Commons\Microchip\TCPIP Stack\HTTP.c
     HTTP_FileSystemReset   0x012878    program     extern C:\Users\Christian\Desktop\Projects\Melacs\mGit\Commons\Microchip\TCPIP Stack\HTTP.c
            HTTP_FlushBuf   0x0126c8    program     static C:\Users\Christian\Desktop\Projects\Melacs\mGit\Commons\Microchip\TCPIP Stack\HTTP.c
              HTTP_GetBuf   0x0125fa    program     static C:\Users\Christian\Desktop\Projects\Melacs\mGit\Commons\Microchip\TCPIP Stack\HTTP.c
HTTP_NL_CONTENT_LENGTH_STRING   0x01b75a    program     static C:\Users\Christian\Desktop\Projects\Melacs\mGit\Commons\Microchip\TCPIP Stack\HTTP.c
  HTTP_NL_DO_CACHE_STRING   0x01b73a    program     static C:\Users\Christian\Desktop\Projects\Melacs\mGit\Commons\Microchip\TCPIP Stack\HTTP.c
HTTP_NL_HEADER_END_STRING   0x01b76d    program     static C:\Users\Christian\Desktop\Projects\Melacs\mGit\Commons\Microchip\TCPIP Stack\HTTP.c
  HTTP_NL_NO_CACHE_STRING   0x01b720    program     static C:\Users\Christian\Desktop\Projects\Melacs\mGit\Commons\Microchip\TCPIP Stack\HTTP.c
           HTTP_OK_STRING   0x01b700    program     static C:\Users\Christian\Desktop\Projects\Melacs\mGit\Commons\Microchip\TCPIP Stack\HTTP.c
               HTTP_Parse   0x01310e    program     static C:\Users\Christian\Desktop\Projects\Melacs\mGit\Commons\Microchip\TCPIP Stack\HTTP.c
    HTTP_ParseAttribValue   0x0132e6    program     static C:\Users\Christian\Desktop\Projects\Melacs\mGit\Commons\Microchip\TCPIP Stack\HTTP.c
        HTTP_ParseAttribs   0x01330a    program     static C:\Users\Christian\Desktop\Projects\Melacs\mGit\Commons\Microchip\TCPIP Stack\HTTP.c
             HTTP_Process   0x0128d8    program     static C:\Users\Christian\Desktop\Projects\Melacs\mGit\Commons\Microchip\TCPIP Stack\HTTP.c
              HTTP_PutBuf   0x012686    program     static C:\Users\Christian\Desktop\Projects\Melacs\mGit\Commons\Microchip\TCPIP Stack\HTTP.c
            HTTP_SendFile   0x012e8a    program     static C:\Users\Christian\Desktop\Projects\Melacs\mGit\Commons\Microchip\TCPIP Stack\HTTP.c
              HTTP_Server   0x012842    program     extern C:\Users\Christian\Desktop\Projects\Melacs\mGit\Commons\Microchip\TCPIP Stack\HTTP.c
              HTTP_SetBuf   0x0126e8    program     static C:\Users\Christian\Desktop\Projects\Melacs\mGit\Commons\Microchip\TCPIP Stack\HTTP.c
         HTTP_WriteSocket   0x012d90    program     static C:\Users\Christian\Desktop\Projects\Melacs\mGit\Commons\Microchip\TCPIP Stack\HTTP.c
             HandleTCPSeg   0x00a5b0    program     static C:\Users\Christian\Desktop\Projects\Melacs\mGit\Commons\Microchip\TCPIP Stack\TCP.c
             HardwareInfo   0x000040    program     extern C:\Users\Christian\Desktop\Projects\Melacs\mGit\Commons\HardwareInfo.c
                 IADCinit   0x01b4ec    program     extern C:\Users\Christian\Desktop\Projects\Melacs\mGit\Commons\IADC.c
                  IADCmux   0x01bca4    program     static C:\Users\Christian\Desktop\Projects\Melacs\mGit\Commons\IADC.c
              ICMPProcess   0x01b5d0    program     extern C:\Users\Christian\Desktop\Projects\Melacs\mGit\Commons\Microchip\TCPIP Stack\ICMP.c
              IPGetHeader   0x00109a    program     extern C:\Users\Christian\Desktop\Projects\Melacs\mGit\Commons\Microchip\TCPIP Stack\IP.c
              IPPutHeader   0x001190    program     extern C:\Users\Christian\Desktop\Projects\Melacs\mGit\Commons\Microchip\TCPIP Stack\IP.c
            IPSetRxBuffer   0x00128a    program     extern C:\Users\Christian\Desktop\Projects\Melacs\mGit\Commons\Microchip\TCPIP Stack\IP.c
          InitSPISlowMode   0x00ea86    program     extern C:\Users\Christian\Desktop\Projects\Melacs\mGit\Commons\Microchip\MDD File System\SD-SPI.c
        Init_TimeSettings   0x017b16    program     static C:\Users\Christian\Desktop\Projects\Melacs\mGit\OnlyLogg\Src\Main.c
       InitializeSettings   0x0179fc    program     static C:\Users\Christian\Desktop\Projects\Melacs\mGit\OnlyLogg\Src\Main.c
         InitializeSystem   0x0179ac    program     static C:\Users\Christian\Desktop\Projects\Melacs\mGit\OnlyLogg\Src\Main.c
                 LastPage   0x00b62e    program     static C:\Users\Christian\Desktop\Projects\Melacs\mGit\OnlyLogg\Src\HMI.c
                 Line_Cls   0x01a5f2    program     extern C:\Users\Christian\Desktop\Projects\Melacs\mGit\Commons\glcd_functions.c
           LoadBootSector   0x002588    program     extern C:\Users\Christian\Desktop\Projects\Melacs\mGit\Commons\Microchip\MDD File System\FSIO.c
               LoadConfig   0x017f4a    program     static C:\Users\Christian\Desktop\Projects\Melacs\mGit\OnlyLogg\Src\Main.c
            LoadDirAttrib   0x004412    program     extern C:\Users\Christian\Desktop\Projects\Melacs\mGit\Commons\Microchip\MDD File System\FSIO.c
                  LoadMBR   0x0022ac    program     extern C:\Users\Christian\Desktop\Projects\Melacs\mGit\Commons\Microchip\MDD File System\FSIO.c
             LoadSettings   0x017fac    program     static C:\Users\Christian\Desktop\Projects\Melacs\mGit\OnlyLogg\Src\Main.c
         Log_AppendString   0x018b20    program     static C:\Users\Christian\Desktop\Projects\Melacs\mGit\OnlyLogg\Src\Log.c
           Log_MonthNames   0x01bb58    program     static C:\Users\Christian\Desktop\Projects\Melacs\mGit\OnlyLogg\Src\Log.c
               Log_Record   0x018c4c    program     static C:\Users\Christian\Desktop\Projects\Melacs\mGit\OnlyLogg\Src\Log.c
                  Log_Run   0x018754    program     extern C:\Users\Christian\Desktop\Projects\Melacs\mGit\OnlyLogg\Src\Log.c
            Log_Timestamp   0x018b74    program     extern C:\Users\Christian\Desktop\Projects\Melacs\mGit\OnlyLogg\Src\Log.c
                Log_Value   0x01784c    program     extern C:\Users\Christian\Desktop\Projects\Melacs\mGit\OnlyLogg\Src\Main.c
        MACCalcRxChecksum   0x010c0a    program     extern C:\Users\Christian\Desktop\Projects\Melacs\mGit\Commons\Microchip\TCPIP Stack\ENC28J60.c
             MACDiscardRx   0x010526    program     extern C:\Users\Christian\Desktop\Projects\Melacs\mGit\Commons\Microchip\TCPIP Stack\ENC28J60.c
                 MACFlush   0x0108e4    program     extern C:\Users\Christian\Desktop\Projects\Melacs\mGit\Commons\Microchip\TCPIP Stack\ENC28J60.c
                   MACGet   0x011110    program     extern C:\Users\Christian\Desktop\Projects\Melacs\mGit\Commons\Microchip\TCPIP Stack\ENC28J60.c
              MACGetArray   0x011146    program     extern C:\Users\Christian\Desktop\Projects\Melacs\mGit\Commons\Microchip\TCPIP Stack\ENC28J60.c
         MACGetFreeRxSize   0x0105a2    program     extern C:\Users\Christian\Desktop\Projects\Melacs\mGit\Commons\Microchip\TCPIP Stack\ENC28J60.c
             MACGetHeader   0x0106c8    program     extern C:\Users\Christian\Desktop\Projects\Melacs\mGit\Commons\Microchip\TCPIP Stack\ENC28J60.c
                  MACInit   0x0102d0    program     extern C:\Users\Christian\Desktop\Projects\Melacs\mGit\Commons\Microchip\TCPIP Stack\ENC28J60.c
         MACIsMemCopyDone   0x0110f8    program     extern C:\Users\Christian\Desktop\Projects\Melacs\mGit\Commons\Microchip\TCPIP Stack\ENC28J60.c
             MACIsTxReady   0x01050c    program     extern C:\Users\Christian\Desktop\Projects\Melacs\mGit\Commons\Microchip\TCPIP Stack\ENC28J60.c
          MACMemCopyAsync   0x010e44    program     extern C:\Users\Christian\Desktop\Projects\Melacs\mGit\Commons\Microchip\TCPIP Stack\ENC28J60.c
                   MACPut   0x0111c4    program     extern C:\Users\Christian\Desktop\Projects\Melacs\mGit\Commons\Microchip\TCPIP Stack\ENC28J60.c
              MACPutArray   0x0111fa    program     extern C:\Users\Christian\Desktop\Projects\Melacs\mGit\Commons\Microchip\TCPIP Stack\ENC28J60.c
             MACPutHeader   0x01084e    program     extern C:\Users\Christian\Desktop\Projects\Melacs\mGit\Commons\Microchip\TCPIP Stack\ENC28J60.c
        MACRefreshAddress   0x01049e    program     extern C:\Users\Christian\Desktop\Projects\Melacs\mGit\Commons\Microchip\TCPIP Stack\ENC28J60.c
            MACSetReadPtr   0x010bba    program     extern C:\Users\Christian\Desktop\Projects\Melacs\mGit\Commons\Microchip\TCPIP Stack\ENC28J60.c
        MACSetReadPtrInRx   0x010af0    program     extern C:\Users\Christian\Desktop\Projects\Melacs\mGit\Commons\Microchip\TCPIP Stack\ENC28J60.c
           MACSetWritePtr   0x010b66    program     extern C:\Users\Christian\Desktop\Projects\Melacs\mGit\Commons\Microchip\TCPIP Stack\ENC28J60.c
      MAX31855ReadCelsius   0x019f86    program     extern C:\Users\Christian\Desktop\Projects\Melacs\mGit\Commons\melacs_spi.c
        MAX31855UpperBits   0x019f0c    program     static C:\Users\Christian\Desktop\Projects\Melacs\mGit\Commons\melacs_spi.c
       MAX31855_SpiRead32   0x019e96    program     static C:\Users\Christian\Desktop\Projects\Melacs\mGit\Commons\melacs_spi.c
 MDD_SDSPI_AsyncReadTasks   0x00e194    program     extern C:\Users\Christian\Desktop\Projects\Melacs\mGit\Commons\Microchip\MDD File System\SD-SPI.c
MDD_SDSPI_AsyncWriteTasks   0x00e4b4    program     extern C:\Users\Christian\Desktop\Projects\Melacs\mGit\Commons\Microchip\MDD File System\SD-SPI.c
         MDD_SDSPI_InitIO   0x00dac6    program     extern C:\Users\Christian\Desktop\Projects\Melacs\mGit\Commons\Microchip\MDD File System\SD-SPI.c
    MDD_SDSPI_MediaDetect   0x00d9c8    program     extern C:\Users\Christian\Desktop\Projects\Melacs\mGit\Commons\Microchip\MDD File System\SD-SPI.c
MDD_SDSPI_MediaInitialize   0x00ea8e    program     extern C:\Users\Christian\Desktop\Projects\Melacs\mGit\Commons\Microchip\MDD File System\SD-SPI.c
   MDD_SDSPI_ReadCapacity   0x00dab4    program     extern C:\Users\Christian\Desktop\Projects\Melacs\mGit\Commons\Microchip\MDD File System\SD-SPI.c
      MDD_SDSPI_ReadMedia   0x00e9a2    program     extern C:\Users\Christian\Desktop\Projects\Melacs\mGit\Commons\Microchip\MDD File System\SD-SPI.c
 MDD_SDSPI_ReadSectorSize   0x00daaa    program     extern C:\Users\Christian\Desktop\Projects\Melacs\mGit\Commons\Microchip\MDD File System\SD-SPI.c
     MDD_SDSPI_SectorRead   0x00e136    program     extern C:\Users\Christian\Desktop\Projects\Melacs\mGit\Commons\Microchip\MDD File System\SD-SPI.c
    MDD_SDSPI_SectorWrite   0x00e8a0    program     extern C:\Users\Christian\Desktop\Projects\Melacs\mGit\Commons\Microchip\MDD File System\SD-SPI.c
  MDD_SDSPI_ShutdownMedia   0x00daca    program     extern C:\Users\Christian\Desktop\Projects\Melacs\mGit\Commons\Microchip\MDD File System\SD-SPI.c
MDD_SDSPI_WriteProtectState   0x00e90c    program     extern C:\Users\Christian\Desktop\Projects\Melacs\mGit\Commons\Microchip\MDD File System\SD-SPI.c
    MSDCheckForErrorCases   0x014048    program     extern C:\Users\Christian\Desktop\Projects\Melacs\mGit\Commons\Microchip\USB\usb_function_msd.c
MSDComputeDeviceInAndResidue   0x013b88    program     static C:\Users\Christian\Desktop\Projects\Melacs\mGit\Commons\Microchip\USB\usb_function_msd.c
          MSDErrorHandler   0x014110    program     extern C:\Users\Christian\Desktop\Projects\Melacs\mGit\Commons\Microchip\USB\usb_function_msd.c
        MSDProcessCommand   0x013790    program     extern C:\Users\Christian\Desktop\Projects\Melacs\mGit\Commons\Microchip\USB\usb_function_msd.c
MSDProcessCommandMediaAbsent   0x013838    program     extern C:\Users\Christian\Desktop\Projects\Melacs\mGit\Commons\Microchip\USB\usb_function_msd.c
MSDProcessCommandMediaPresent   0x013880    program     extern C:\Users\Christian\Desktop\Projects\Melacs\mGit\Commons\Microchip\USB\usb_function_msd.c
           MSDReadHandler   0x013c26    program     extern C:\Users\Christian\Desktop\Projects\Melacs\mGit\Commons\Microchip\USB\usb_function_msd.c
                 MSDTasks   0x01355e    program     extern C:\Users\Christian\Desktop\Projects\Melacs\mGit\Commons\Microchip\USB\usb_function_msd.c
          MSDWriteHandler   0x013dbe    program     extern C:\Users\Christian\Desktop\Projects\Melacs\mGit\Commons\Microchip\USB\usb_function_msd.c
             Main_Network   0x015522    program     static C:\Users\Christian\Desktop\Projects\Melacs\mGit\OnlyLogg\Src\Main.c
         Main_NetworkFile   0x015517    program     static C:\Users\Christian\Desktop\Projects\Melacs\mGit\OnlyLogg\Src\Main.c
           Melacs_Powerup   0x018020    program     extern C:\Users\Christian\Desktop\Projects\Melacs\mGit\OnlyLogg\Src\Main.c
                 MenuStep   0x00d34e    program     extern C:\Users\Christian\Desktop\Projects\Melacs\mGit\OnlyLogg\Src\HMI.c
                MenuTitle   0x015eed    program     static C:\Users\Christian\Desktop\Projects\Melacs\mGit\Commons\lang.h
Microchip_AppHighISRVector   0x001008    program     extern C:\Users\Christian\Desktop\Projects\Melacs\mGit\Commons\Microchip\Microchip.c
Microchip_AppLowISRVector   0x001018    program     extern C:\Users\Christian\Desktop\Projects\Melacs\mGit\Commons\Microchip\Microchip.c
 Microchip_AppResetVector   0x001000    program     extern C:\Users\Christian\Desktop\Projects\Melacs\mGit\Commons\Microchip\Microchip.c
Microchip_BootHighISRVector   0x000008    program     extern C:\Users\Christian\Desktop\Projects\Melacs\mGit\Commons\Microchip\Microchip.c
Microchip_BootLowISRVector   0x000018    program     extern C:\Users\Christian\Desktop\Projects\Melacs\mGit\Commons\Microchip\Microchip.c
    Microchip_DefaultPage   0x015501    program     extern C:\Users\Christian\Desktop\Projects\Melacs\mGit\OnlyLogg\Src\Main.c
       Microchip_Dismount   0x018292    program     extern C:\Users\Christian\Desktop\Projects\Melacs\mGit\Commons\Microchip\Microchip.c
Microchip_EnterBootloader   0x0182b4    program     extern C:\Users\Christian\Desktop\Projects\Melacs\mGit\Commons\Microchip\Microchip.c
      Microchip_FileClose   0x018354    program     extern C:\Users\Christian\Desktop\Projects\Melacs\mGit\Commons\Microchip\Microchip.c
       Microchip_FileOpen   0x0182cc    program     extern C:\Users\Christian\Desktop\Projects\Melacs\mGit\Commons\Microchip\Microchip.c
           Microchip_Init   0x018048    program     extern C:\Users\Christian\Desktop\Projects\Melacs\mGit\Commons\Microchip\Microchip.c
Microchip_InterruptHandler   0x018636    program     extern C:\Users\Christian\Desktop\Projects\Melacs\mGit\Commons\Microchip\Microchip.c
  Microchip_InterruptHook   0x01839a    program     extern C:\Users\Christian\Desktop\Projects\Melacs\mGit\Commons\Microchip\Microchip.c
          Microchip_Mount   0x01829c    program     extern C:\Users\Christian\Desktop\Projects\Melacs\mGit\Commons\Microchip\Microchip.c
Microchip_PerformDismount   0x0180d4    program     static C:\Users\Christian\Desktop\Projects\Melacs\mGit\Commons\Microchip\Microchip.c
  Microchip_RefreshConfig   0x0182b8    program     extern C:\Users\Christian\Desktop\Projects\Melacs\mGit\Commons\Microchip\Microchip.c
Microchip_RefreshFileSystemClock   0x019e5e    program     extern C:\Users\Christian\Desktop\Projects\Melacs\mGit\Commons\OnboardRTCC.c
Microchip_RefreshSettings   0x017fee    program     extern C:\Users\Christian\Desktop\Projects\Melacs\mGit\OnlyLogg\Src\Main.c
            Microchip_Run   0x0180f4    program     extern C:\Users\Christian\Desktop\Projects\Melacs\mGit\Commons\Microchip\Microchip.c
       Microchip_Settings   0x015558    program     extern C:\Users\Christian\Desktop\Projects\Melacs\mGit\OnlyLogg\Src\Main.c
   Microchip_SettingsFile   0x01550b    program     static C:\Users\Christian\Desktop\Projects\Melacs\mGit\OnlyLogg\Src\Main.c
    Microchip_UnblockHTTP   0x0182ac    program     extern C:\Users\Christian\Desktop\Projects\Melacs\mGit\Commons\Microchip\Microchip.c
     Microchip_UnblockUSB   0x0182a4    program     extern C:\Users\Christian\Desktop\Projects\Melacs\mGit\Commons\Microchip\Microchip.c
                  NewPage   0x00b64c    program     static C:\Users\Christian\Desktop\Projects\Melacs\mGit\OnlyLogg\Src\HMI.c
             Num_Defaults   0x001010    program     static C:\Users\Christian\Desktop\Projects\Melacs\mGit\Commons\Numeric.c
              Num_Integer   0x01b1dc    program     extern C:\Users\Christian\Desktop\Projects\Melacs\mGit\Commons\Numeric.c
                  Numeric   0x01afa4    program     extern C:\Users\Christian\Desktop\Projects\Melacs\mGit\Commons\Numeric.c
                 OkCancel   0x01949e    program     extern C:\Users\Christian\Desktop\Projects\Melacs\mGit\Commons\Editable.c
                 OpenSPIM   0x00e9c4    program     extern C:\Users\Christian\Desktop\Projects\Melacs\mGit\Commons\Microchip\MDD File System\SD-SPI.c
                  Options   0x00bbc4    program     extern C:\Users\Christian\Desktop\Projects\Melacs\mGit\OnlyLogg\Src\HMI.c
PIC18_Optimized_SPI_Read_Packet   0x00e44c    program     static C:\Users\Christian\Desktop\Projects\Melacs\mGit\Commons\Microchip\MDD File System\SD-SPI.c
PIC18_Optimized_SPI_Write_Packet   0x00e840    program     static C:\Users\Christian\Desktop\Projects\Melacs\mGit\Commons\Microchip\MDD File System\SD-SPI.c
          PopulateEntries   0x0036d2    program     extern C:\Users\Christian\Desktop\Projects\Melacs\mGit\Commons\Microchip\MDD File System\FSIO.c
               Ports_Init   0x01bbde    program     extern C:\Users\Christian\Desktop\Projects\Melacs\mGit\Commons\Ports.c
             ProcessError   0x00d824    program     extern C:\Users\Christian\Desktop\Projects\Melacs\mGit\OnlyLogg\Src\HMI.c
                  RESTORE   0x01aa68    program     static C:\MCC18\src\extended\math\div32s.asm
                  RESTORE   0x01a932    program     static C:\MCC18\src\extended\math\div08u.asm
                  RESTORE   0x01a9b6    program     static C:\MCC18\src\extended\math\div16u.asm
                  RESTORE   0x01ab16    program     static C:\MCC18\src\extended\math\div32u.asm
              RETQUOTIENT   0x01aa58    program     static C:\MCC18\src\extended\math\div32s.asm
              RETQUOTIENT   0x01a9ae    program     static C:\MCC18\src\extended\math\div16u.asm
              RETQUOTIENT   0x01ab06    program     static C:\MCC18\src\extended\math\div32u.asm
     ROMStringToIPAddress   0x0146c4    program     extern C:\Users\Christian\Desktop\Projects\Melacs\mGit\Commons\Microchip\TCPIP Stack\Helpers.c
              RTC_Command   0x019bc8    program     static C:\Users\Christian\Desktop\Projects\Melacs\mGit\Commons\OnboardRTCC.c
            RTC_Read_Byte   0x019b4c    program     static C:\Users\Christian\Desktop\Projects\Melacs\mGit\Commons\OnboardRTCC.c
           RTC_Read_Clock   0x019c08    program     extern C:\Users\Christian\Desktop\Projects\Melacs\mGit\Commons\OnboardRTCC.c
             RTC_Read_RAM   0x019dc4    program     extern C:\Users\Christian\Desktop\Projects\Melacs\mGit\Commons\OnboardRTCC.c
           RTC_Write_Byte   0x019b8a    program     static C:\Users\Christian\Desktop\Projects\Melacs\mGit\Commons\OnboardRTCC.c
          RTC_Write_Clock   0x019d36    program     extern C:\Users\Christian\Desktop\Projects\Melacs\mGit\Commons\OnboardRTCC.c
            RTC_Write_RAM   0x019e0e    program     extern C:\Users\Christian\Desktop\Projects\Melacs\mGit\Commons\OnboardRTCC.c
                 RTCrange   0x01bc96    program     static C:\Users\Christian\Desktop\Projects\Melacs\mGit\Commons\OnboardRTCC.c
               ReadETHReg   0x0112e0    program     static C:\Users\Christian\Desktop\Projects\Melacs\mGit\Commons\Microchip\TCPIP Stack\ENC28J60.c
          ReadExternalADC   0x019b00    program     extern C:\Users\Christian\Desktop\Projects\Melacs\mGit\Commons\OnboardADC.c
                  ReadFAT   0x00700c    program     extern C:\Users\Christian\Desktop\Projects\Melacs\mGit\Commons\Microchip\MDD File System\FSIO.c
          ReadInternalADC   0x01b50c    program     extern C:\Users\Christian\Desktop\Projects\Melacs\mGit\Commons\IADC.c
               ReadMACReg   0x011316    program     static C:\Users\Christian\Desktop\Projects\Melacs\mGit\Commons\Microchip\TCPIP Stack\ENC28J60.c
          ReadMediaManual   0x00ea36    program     extern C:\Users\Christian\Desktop\Projects\Melacs\mGit\Commons\Microchip\MDD File System\SD-SPI.c
             Read_Buttons   0x01a51c    program     extern C:\Users\Christian\Desktop\Projects\Melacs\mGit\Commons\glcd_functions.c
           ResetSenseData   0x014004    program     extern C:\Users\Christian\Desktop\Projects\Melacs\mGit\Commons\Microchip\USB\usb_function_msd.c
                  SETSIGN   0x01a9e4    program     static C:\MCC18\src\extended\math\div32s.asm
                 SETUPSTK   0x01a8f0    program     static C:\MCC18\src\extended\math\div08u.asm
                 SETUPSTK   0x01a9c4    program     static C:\MCC18\src\extended\math\div32s.asm
                 SETUPSTK   0x01a94c    program     static C:\MCC18\src\extended\math\div16u.asm
                 SETUPSTK   0x01aa80    program     static C:\MCC18\src\extended\math\div32u.asm
                  SPIinit   0x019a4a    program     extern C:\Users\Christian\Desktop\Projects\Melacs\mGit\Commons\melacs_spi.c
              ScreenSaver   0x00d5ac    program     static C:\Users\Christian\Desktop\Projects\Melacs\mGit\OnlyLogg\Src\HMI.c
               SendMMCCmd   0x00dad2    program     extern C:\Users\Christian\Desktop\Projects\Melacs\mGit\Commons\Microchip\MDD File System\SD-SPI.c
         SendMMCCmdManual   0x00de10    program     extern C:\Users\Christian\Desktop\Projects\Melacs\mGit\Commons\Microchip\MDD File System\SD-SPI.c
          SendSystemReset   0x01125a    program     static C:\Users\Christian\Desktop\Projects\Melacs\mGit\Commons\Microchip\TCPIP Stack\ENC28J60.c
                  SendTCP   0x009774    program     static C:\Users\Christian\Desktop\Projects\Melacs\mGit\Commons\Microchip\TCPIP Stack\TCP.c
             SetClockVars   0x0039b0    program     extern C:\Users\Christian\Desktop\Projects\Melacs\mGit\Commons\Microchip\MDD File System\FSIO.c
                 ShowDate   0x00d3da    program     static C:\Users\Christian\Desktop\Projects\Melacs\mGit\OnlyLogg\Src\HMI.c
                ShowPage1   0x00b68e    program     static C:\Users\Christian\Desktop\Projects\Melacs\mGit\OnlyLogg\Src\HMI.c
                ShowPage2   0x00b8bc    program     static C:\Users\Christian\Desktop\Projects\Melacs\mGit\OnlyLogg\Src\HMI.c
                ShowPage3   0x00baa0    program     static C:\Users\Christian\Desktop\Projects\Melacs\mGit\OnlyLogg\Src\HMI.c
                Show_Info   0x00cea6    program     static C:\Users\Christian\Desktop\Projects\Melacs\mGit\OnlyLogg\Src\HMI.c
             Show_Network   0x00cc64    program     static C:\Users\Christian\Desktop\Projects\Melacs\mGit\OnlyLogg\Src\HMI.c
                 SoftInfo   0x0154fb    program     extern C:\Users\Christian\Desktop\Projects\Melacs\mGit\OnlyLogg\Src\Main.c
                StackInit   0x01b220    program     extern C:\Users\Christian\Desktop\Projects\Melacs\mGit\Commons\Microchip\TCPIP Stack\StackTsk.c
                StackTask   0x01b252    program     extern C:\Users\Christian\Desktop\Projects\Melacs\mGit\Commons\Microchip\TCPIP Stack\StackTsk.c
        StringToIPAddress   0x014576    program     extern C:\Users\Christian\Desktop\Projects\Melacs\mGit\Commons\Microchip\TCPIP Stack\Helpers.c
             SubMenuTitle   0x015f03    program     static C:\Users\Christian\Desktop\Projects\Melacs\mGit\Commons\lang.h
            SwapARPPacket   0x01a3b0    program     extern C:\Users\Christian\Desktop\Projects\Melacs\mGit\Commons\Microchip\TCPIP Stack\ARP.c
             SwapIPHeader   0x0012b8    program     static C:\Users\Christian\Desktop\Projects\Melacs\mGit\Commons\Microchip\TCPIP Stack\IP.c
            SwapTCPHeader   0x00a342    program     static C:\Users\Christian\Desktop\Projects\Melacs\mGit\Commons\Microchip\TCPIP Stack\TCP.c
                  SyncTCB   0x007cd8    program     static C:\Users\Christian\Desktop\Projects\Melacs\mGit\Commons\Microchip\TCPIP Stack\TCP.c
              SyncTCBStub   0x007c4a    program     static C:\Users\Christian\Desktop\Projects\Melacs\mGit\Commons\Microchip\TCPIP Stack\TCP.c
               TCPDiscard   0x00889e    program     extern C:\Users\Christian\Desktop\Projects\Melacs\mGit\Commons\Microchip\TCPIP Stack\TCP.c
            TCPDisconnect   0x0081e0    program     extern C:\Users\Christian\Desktop\Projects\Melacs\mGit\Commons\Microchip\TCPIP Stack\TCP.c
        TCPFindROMArrayEx   0x008b20    program     extern C:\Users\Christian\Desktop\Projects\Melacs\mGit\Commons\Microchip\TCPIP Stack\TCP.c
                 TCPFlush   0x008296    program     extern C:\Users\Christian\Desktop\Projects\Melacs\mGit\Commons\Microchip\TCPIP Stack\TCP.c
              TCPGetArray   0x008960    program     extern C:\Users\Christian\Desktop\Projects\Melacs\mGit\Commons\Microchip\TCPIP Stack\TCP.c
         TCPGetRxFIFOFree   0x008ad0    program     extern C:\Users\Christian\Desktop\Projects\Melacs\mGit\Commons\Microchip\TCPIP Stack\TCP.c
                  TCPInit   0x007d88    program     extern C:\Users\Christian\Desktop\Projects\Melacs\mGit\Commons\Microchip\TCPIP Stack\TCP.c
           TCPIsConnected   0x0081b8    program     extern C:\Users\Christian\Desktop\Projects\Melacs\mGit\Commons\Microchip\TCPIP Stack\TCP.c
            TCPIsGetReady   0x0088e8    program     extern C:\Users\Christian\Desktop\Projects\Melacs\mGit\Commons\Microchip\TCPIP Stack\TCP.c
            TCPIsPutReady   0x0082ce    program     extern C:\Users\Christian\Desktop\Projects\Melacs\mGit\Commons\Microchip\TCPIP Stack\TCP.c
                  TCPOpen   0x008028    program     extern C:\Users\Christian\Desktop\Projects\Melacs\mGit\Commons\Microchip\TCPIP Stack\TCP.c
               TCPProcess   0x00961e    program     extern C:\Users\Christian\Desktop\Projects\Melacs\mGit\Commons\Microchip\TCPIP Stack\TCP.c
                   TCPPut   0x00836e    program     extern C:\Users\Christian\Desktop\Projects\Melacs\mGit\Commons\Microchip\TCPIP Stack\TCP.c
              TCPPutArray   0x00847a    program     extern C:\Users\Christian\Desktop\Projects\Melacs\mGit\Commons\Microchip\TCPIP Stack\TCP.c
           TCPPutROMArray   0x00861a    program     extern C:\Users\Christian\Desktop\Projects\Melacs\mGit\Commons\Microchip\TCPIP Stack\TCP.c
          TCPPutROMString   0x008820    program     extern C:\Users\Christian\Desktop\Projects\Melacs\mGit\Commons\Microchip\TCPIP Stack\TCP.c
             TCPPutString   0x0087d4    program     extern C:\Users\Christian\Desktop\Projects\Melacs\mGit\Commons\Microchip\TCPIP Stack\TCP.c
               TCPRAMCopy   0x00b43e    program     static C:\Users\Christian\Desktop\Projects\Melacs\mGit\Commons\Microchip\TCPIP Stack\TCP.c
            TCPRAMCopyROM   0x00b51c    program     static C:\Users\Christian\Desktop\Projects\Melacs\mGit\Commons\Microchip\TCPIP Stack\TCP.c
     TCPSocketInitializer   0x01bc84    program     extern C:\Users\Christian\Desktop\Projects\Melacs\mGit\Commons\Microchip\TCPIP Stack\TCPIPConfig.h
                  TCPTick   0x008eac    program     extern C:\Users\Christian\Desktop\Projects\Melacs\mGit\Commons\Microchip\TCPIP Stack\TCP.c
TickConvertToMilliseconds   0x01b46c    program     extern C:\Users\Christian\Desktop\Projects\Melacs\mGit\Commons\Microchip\TCPIP Stack\Tick.c
                  TickGet   0x01b3e8    program     extern C:\Users\Christian\Desktop\Projects\Melacs\mGit\Commons\Microchip\TCPIP Stack\Tick.c
            TickGetDiv256   0x01b3fc    program     extern C:\Users\Christian\Desktop\Projects\Melacs\mGit\Commons\Microchip\TCPIP Stack\Tick.c
            TickGetDiv64K   0x01b434    program     extern C:\Users\Christian\Desktop\Projects\Melacs\mGit\Commons\Microchip\TCPIP Stack\Tick.c
                 TickInit   0x01b3b2    program     extern C:\Users\Christian\Desktop\Projects\Melacs\mGit\Commons\Microchip\TCPIP Stack\Tick.c
               TickUpdate   0x01b4dc    program     extern C:\Users\Christian\Desktop\Projects\Melacs\mGit\Commons\Microchip\TCPIP Stack\Tick.c
                 Toolbar1   0x00d50c    program     static C:\Users\Christian\Desktop\Projects\Melacs\mGit\OnlyLogg\Src\HMI.c
                 Toolbar3   0x00d51e    program     static C:\Users\Christian\Desktop\Projects\Melacs\mGit\OnlyLogg\Src\HMI.c
                 Toolbar4   0x00d530    program     static C:\Users\Christian\Desktop\Projects\Melacs\mGit\OnlyLogg\Src\HMI.c
                 Toolbar5   0x00d542    program     static C:\Users\Christian\Desktop\Projects\Melacs\mGit\OnlyLogg\Src\HMI.c
             TreatSignals   0x017ba2    program     extern C:\Users\Christian\Desktop\Projects\Melacs\mGit\OnlyLogg\Src\Main.c
              USBCancelIO   0x00f514    program     extern C:\Users\Christian\Desktop\Projects\Melacs\mGit\Commons\Microchip\USB\usb_device.c
       USBCheckMSDRequest   0x0134b0    program     extern C:\Users\Christian\Desktop\Projects\Melacs\mGit\Commons\Microchip\USB\usb_function_msd.c
       USBCheckStdRequest   0x00ffca    program     static C:\Users\Christian\Desktop\Projects\Melacs\mGit\Commons\Microchip\USB\usb_device.c
     USBConfigureEndpoint   0x00f714    program     static C:\Users\Christian\Desktop\Projects\Melacs\mGit\Commons\Microchip\USB\usb_device.c
  USBCtrlEPAllowDataStage   0x00f698    program     extern C:\Users\Christian\Desktop\Projects\Melacs\mGit\Commons\Microchip\USB\usb_device.c
USBCtrlEPAllowStatusStage   0x00f5f6    program     extern C:\Users\Christian\Desktop\Projects\Melacs\mGit\Commons\Microchip\USB\usb_device.c
         USBCtrlEPService   0x00fda4    program     static C:\Users\Christian\Desktop\Projects\Melacs\mGit\Commons\Microchip\USB\usb_device.c
 USBCtrlEPServiceComplete   0x00f796    program     static C:\Users\Christian\Desktop\Projects\Melacs\mGit\Commons\Microchip\USB\usb_device.c
      USBCtrlTrfInHandler   0x00ff16    program     static C:\Users\Christian\Desktop\Projects\Melacs\mGit\Commons\Microchip\USB\usb_device.c
     USBCtrlTrfOutHandler   0x00fecc    program     static C:\Users\Christian\Desktop\Projects\Melacs\mGit\Commons\Microchip\USB\usb_device.c
      USBCtrlTrfRxService   0x00f918    program     static C:\Users\Christian\Desktop\Projects\Melacs\mGit\Commons\Microchip\USB\usb_device.c
   USBCtrlTrfSetupHandler   0x00fe74    program     static C:\Users\Christian\Desktop\Projects\Melacs\mGit\Commons\Microchip\USB\usb_device.c
      USBCtrlTrfTxService   0x00f856    program     static C:\Users\Christian\Desktop\Projects\Melacs\mGit\Commons\Microchip\USB\usb_device.c
          USBDeviceAttach   0x00f5ca    program     extern C:\Users\Christian\Desktop\Projects\Melacs\mGit\Commons\Microchip\USB\usb_device.c
          USBDeviceDetach   0x00f5be    program     extern C:\Users\Christian\Desktop\Projects\Melacs\mGit\Commons\Microchip\USB\usb_device.c
            USBDeviceInit   0x00f0da    program     extern C:\Users\Christian\Desktop\Projects\Melacs\mGit\Commons\Microchip\USB\usb_device.c
           USBDeviceTasks   0x00f1f4    program     extern C:\Users\Christian\Desktop\Projects\Melacs\mGit\Commons\Microchip\USB\usb_device.c
        USBEnableEndpoint   0x00f358    program     extern C:\Users\Christian\Desktop\Projects\Melacs\mGit\Commons\Microchip\USB\usb_device.c
               USBMSDInit   0x013414    program     extern C:\Users\Christian\Desktop\Projects\Melacs\mGit\Commons\Microchip\USB\usb_function_msd.c
         USBStallEndpoint   0x00f46a    program     extern C:\Users\Christian\Desktop\Projects\Melacs\mGit\Commons\Microchip\USB\usb_device.c
          USBStallHandler   0x00fd20    program     static C:\Users\Christian\Desktop\Projects\Melacs\mGit\Commons\Microchip\USB\usb_device.c
  USBStdFeatureReqHandler   0x010080    program     static C:\Users\Christian\Desktop\Projects\Melacs\mGit\Commons\Microchip\USB\usb_device.c
      USBStdGetDscHandler   0x00fb16    program     static C:\Users\Christian\Desktop\Projects\Melacs\mGit\Commons\Microchip\USB\usb_device.c
   USBStdGetStatusHandler   0x00fc6a    program     static C:\Users\Christian\Desktop\Projects\Melacs\mGit\Commons\Microchip\USB\usb_device.c
      USBStdSetCfgHandler   0x00fa30    program     static C:\Users\Christian\Desktop\Projects\Melacs\mGit\Commons\Microchip\USB\usb_device.c
               USBSuspend   0x00fd54    program     static C:\Users\Christian\Desktop\Projects\Melacs\mGit\Commons\Microchip\USB\usb_device.c
     USBTransferOnePacket   0x00f3a4    program     extern C:\Users\Christian\Desktop\Projects\Melacs\mGit\Commons\Microchip\USB\usb_device.c
       USBWakeFromSuspend   0x00fd7a    program     static C:\Users\Christian\Desktop\Projects\Melacs\mGit\Commons\Microchip\USB\usb_device.c
               USB_CD_Ptr   0x01b816    program     extern C:\Users\Christian\Desktop\Projects\Melacs\mGit\Commons\Microchip\USB\usb_descriptors.c
               USB_SD_Ptr   0x01b819    program     extern C:\Users\Christian\Desktop\Projects\Melacs\mGit\Commons\Microchip\USB\usb_descriptors.c
USER_USB_CALLBACK_EVENT_HANDLER   0x01870c    program     extern C:\Users\Christian\Desktop\Projects\Melacs\mGit\Commons\Microchip\Microchip.c
              UnencodeURL   0x0144a6    program     extern C:\Users\Christian\Desktop\Projects\Melacs\mGit\Commons\Microchip\TCPIP Stack\Helpers.c
            ValidateChars   0x0068f2    program     extern C:\Users\Christian\Desktop\Projects\Melacs\mGit\Commons\Microchip\MDD File System\FSIO.c
                 WriteFAT   0x007624    program     extern C:\Users\Christian\Desktop\Projects\Melacs\mGit\Commons\Microchip\MDD File System\FSIO.c
              WritePHYReg   0x011400    program     extern C:\Users\Christian\Desktop\Projects\Melacs\mGit\Commons\Microchip\TCPIP Stack\ENC28J60.c
                 WriteReg   0x011358    program     static C:\Users\Christian\Desktop\Projects\Melacs\mGit\Commons\Microchip\TCPIP Stack\ENC28J60.c
                WriteSPIM   0x00e976    program     extern C:\Users\Christian\Desktop\Projects\Melacs\mGit\Commons\Microchip\MDD File System\SD-SPI.c
           WriteSPIManual   0x00e9e2    program     extern C:\Users\Christian\Desktop\Projects\Melacs\mGit\Commons\Microchip\MDD File System\SD-SPI.c
         Write_File_Entry   0x002c08    program     extern C:\Users\Christian\Desktop\Projects\Melacs\mGit\Commons\Microchip\MDD File System\FSIO.c
              _2jContinue   0x01ae24    program     static C:\MCC18\src\extended\stdclib\memset.asm
              _2jContinue   0x01ad06    program     static C:\MCC18\src\extended\stdclib\memchr.asm
                   _2jEnd   0x01aee2    program     static C:\MCC18\src\extended\stdclib\slenpgm.asm
              _3jContinue   0x01adf0    program     static C:\MCC18\src\extended\stdclib\mcpyp2r.asm
              _3jContinue   0x01ad54    program     static C:\MCC18\src\extended\stdclib\mcmpp2r.asm
                   _3jEnd   0x01ae2e    program     static C:\MCC18\src\extended\stdclib\memset.asm
                   _3jEnd   0x01ad10    program     static C:\MCC18\src\extended\stdclib\memchr.asm
              _4jContinue   0x01ad9c    program     static C:\MCC18\src\extended\stdclib\memcpy.asm
              _4jContinue   0x01af2c    program     static C:\MCC18\src\extended\stdclib\strncpy.asm
                   _4jEnd   0x01ad5e    program     static C:\MCC18\src\extended\stdclib\mcmpp2r.asm
                   _4jEnd   0x01adfa    program     static C:\MCC18\src\extended\stdclib\mcpyp2r.asm
                   _5jEnd   0x01ada6    program     static C:\MCC18\src\extended\stdclib\memcpy.asm
                   _5jEnd   0x01af36    program     static C:\MCC18\src\extended\stdclib\strncpy.asm
        _D10TCYXCODE_000A   0x01bc62    program     static C:\MCC18\src\extended\delays\d10tcyx.asm
        _D10TCYXCODE_000C   0x01bc64    program     static C:\MCC18\src\extended\delays\d10tcyx.asm
        _D10TCYXCODE_000E   0x01bc66    program     static C:\MCC18\src\extended\delays\d10tcyx.asm
        _D1KTCYXCODE_0012   0x0013f2    program     static C:\MCC18\src\extended\delays\d1ktcyx.asm
        _D1KTCYXCODE_0018   0x0013f8    program     static C:\MCC18\src\extended\delays\d1ktcyx.asm
                _Flow_Get   0x0013a4    program     extern C:\Users\Christian\Desktop\Projects\Melacs\mGit\Commons\Flow.c
             _SendControl   0x01a514    program     static C:\Users\Christian\Desktop\Projects\Melacs\mGit\Commons\glcd_functions.c
                _SendData   0x01a4be    program     static C:\Users\Christian\Desktop\Projects\Melacs\mGit\Commons\glcd_functions.c
       ___case_1_lbl00191   0x00d980    program     static                          
       ___case_2_lbl00192   0x00d99c    program     static                          
       ___case_3_lbl00193   0x00d9b8    program     static                          
           ___do_lbl00002   0x01b3e0    program     static                          
           ___do_lbl00003   0x01b3e4    program     static                          
           ___do_lbl00003   0x01ba46    program     static                          
           ___do_lbl00004   0x01b3c2    program     static                          
           ___do_lbl00004   0x01ba4a    program     static                          
           ___do_lbl00005   0x01ba40    program     static                          
           ___do_lbl00028   0x01a688    program     static                          
           ___do_lbl00029   0x01a68c    program     static                          
           ___do_lbl00030   0x017b94    program     static                          
           ___do_lbl00030   0x01a676    program     static                          
           ___do_lbl00031   0x01a67c    program     static                          
           ___do_lbl00031   0x017ba0    program     static                          
           ___do_lbl00032   0x01a66e    program     static                          
           ___do_lbl00033   0x017b26    program     static                          
           ___do_lbl00033   0x01a66e    program     static                          
           ___do_lbl00038   0x01a7be    program     static                          
           ___do_lbl00039   0x01a7c2    program     static                          
           ___do_lbl00040   0x01a7b2    program     static                          
           ___do_lbl00050   0x01a8d6    program     static                          
           ___do_lbl00051   0x01a8e8    program     static                          
           ___do_lbl00052   0x01a8d2    program     static                          
           ___do_lbl00053   0x01a8d6    program     static                          
           ___do_lbl00054   0x01a8ca    program     static                          
           ___do_lbl00055   0x01a8b8    program     static                          
           ___do_lbl00107   0x01122e    program     static                          
           ___do_lbl00108   0x011244    program     static                          
           ___do_lbl00109   0x011226    program     static                          
         ___else_lbl00005   0x01892a    program     static                          
         ___else_lbl00027   0x017b0c    program     static                          
         ___else_lbl00058   0x01803e    program     static                          
          ___for_lbl00014   0x0179a8    program     static                          
          ___for_lbl00015   0x0179aa    program     static                          
          ___for_lbl00016   0x01797a    program     static                          
          ___for_lbl00098   0x014bc6    program     static                          
          ___for_lbl00099   0x014bcc    program     static                          
          ___for_lbl00100   0x014baa    program     static                          
          ___for_lbl00101   0x014be0    program     static                          
          ___for_lbl00102   0x014be4    program     static                          
          ___for_lbl00103   0x014bcc    program     static                          
           ___if_lbl00003   0x0189cc    program     static                          
           ___if_lbl00004   0x0189cc    program     static                          
           ___if_lbl00005   0x0143e6    program     static                          
           ___if_lbl00006   0x018af6    program     static                          
           ___if_lbl00006   0x0143f4    program     static                          
           ___if_lbl00007   0x018b14    program     static                          
           ___if_lbl00007   0x014470    program     static                          
           ___if_lbl00008   0x018b18    program     static                          
           ___if_lbl00008   0x014476    program     static                          
           ___if_lbl00019   0x01070a    program     static                          
           ___if_lbl00020   0x010716    program     static                          
           ___if_lbl00026   0x017b0e    program     static                          
           ___if_lbl00026   0x0107e2    program     static                          
           ___if_lbl00029   0x01083e    program     static                          
           ___if_lbl00034   0x017ba0    program     static                          
           ___if_lbl00057   0x018046    program     static                          
           ___if_lbl00082   0x00e456    program     static                          
[...]
                    TRISJ   0x000f9a       data     extern C:\MCC18\src\extended\proc\p18F87J50.asm
                TRISJbits   0x000f9a       data     extern C:\MCC18\src\extended\proc\p18F87J50.asm
                 DDRJbits   0x000f9a       data     extern C:\MCC18\src\extended\proc\p18F87J50.asm
                     DDRJ   0x000f9a       data     extern C:\MCC18\src\extended\proc\p18F87J50.asm
              OSCTUNEbits   0x000f9b       data     extern C:\MCC18\src\extended\proc\p18F87J50.asm
                  OSCTUNE   0x000f9b       data     extern C:\MCC18\src\extended\proc\p18F87J50.asm
               RCSTA2bits   0x000f9c       data     extern C:\MCC18\src\extended\proc\p18F87J50.asm
                   RCSTA2   0x000f9c       data     extern C:\MCC18\src\extended\proc\p18F87J50.asm
                 PIE1bits   0x000f9d       data     extern C:\MCC18\src\extended\proc\p18F87J50.asm
                     PIE1   0x000f9d       data     extern C:\MCC18\src\extended\proc\p18F87J50.asm
                     PIR1   0x000f9e       data     extern C:\MCC18\src\extended\proc\p18F87J50.asm
                 PIR1bits   0x000f9e       data     extern C:\MCC18\src\extended\proc\p18F87J50.asm
                 IPR1bits   0x000f9f       data     extern C:\MCC18\src\extended\proc\p18F87J50.asm
                     IPR1   0x000f9f       data     extern C:\MCC18\src\extended\proc\p18F87J50.asm
                 PIE2bits   0x000fa0       data     extern C:\MCC18\src\extended\proc\p18F87J50.asm
                     PIE2   0x000fa0       data     extern C:\MCC18\src\extended\proc\p18F87J50.asm
                 PIR2bits   0x000fa1       data     extern C:\MCC18\src\extended\proc\p18F87J50.asm
                     PIR2   0x000fa1       data     extern C:\MCC18\src\extended\proc\p18F87J50.asm
                     IPR2   0x000fa2       data     extern C:\MCC18\src\extended\proc\p18F87J50.asm
                 IPR2bits   0x000fa2       data     extern C:\MCC18\src\extended\proc\p18F87J50.asm
                     PIE3   0x000fa3       data     extern C:\MCC18\src\extended\proc\p18F87J50.asm
                 PIE3bits   0x000fa3       data     extern C:\MCC18\src\extended\proc\p18F87J50.asm
                     PIR3   0x000fa4       data     extern C:\MCC18\src\extended\proc\p18F87J50.asm
                 PIR3bits   0x000fa4       data     extern C:\MCC18\src\extended\proc\p18F87J50.asm
                 IPR3bits   0x000fa5       data     extern C:\MCC18\src\extended\proc\p18F87J50.asm
                     IPR3   0x000fa5       data     extern C:\MCC18\src\extended\proc\p18F87J50.asm
               EECON1bits   0x000fa6       data     extern C:\MCC18\src\extended\proc\p18F87J50.asm
                   EECON1   0x000fa6       data     extern C:\MCC18\src\extended\proc\p18F87J50.asm
                   EECON2   0x000fa7       data     extern C:\MCC18\src\extended\proc\p18F87J50.asm
                   TXSTA2   0x000fa8       data     extern C:\MCC18\src\extended\proc\p18F87J50.asm
               TXSTA2bits   0x000fa8       data     extern C:\MCC18\src\extended\proc\p18F87J50.asm
                   TXREG2   0x000fa9       data     extern C:\MCC18\src\extended\proc\p18F87J50.asm
                   RCREG2   0x000faa       data     extern C:\MCC18\src\extended\proc\p18F87J50.asm
                   SPBRG2   0x000fab       data     extern C:\MCC18\src\extended\proc\p18F87J50.asm
                    RCSTA   0x000fac       data     extern C:\MCC18\src\extended\proc\p18F87J50.asm
                   RCSTA1   0x000fac       data     extern C:\MCC18\src\extended\proc\p18F87J50.asm
               RCSTA1bits   0x000fac       data     extern C:\MCC18\src\extended\proc\p18F87J50.asm
                RCSTAbits   0x000fac       data     extern C:\MCC18\src\extended\proc\p18F87J50.asm
               TXSTA1bits   0x000fad       data     extern C:\MCC18\src\extended\proc\p18F87J50.asm
                   TXSTA1   0x000fad       data     extern C:\MCC18\src\extended\proc\p18F87J50.asm
                    TXSTA   0x000fad       data     extern C:\MCC18\src\extended\proc\p18F87J50.asm
                TXSTAbits   0x000fad       data     extern C:\MCC18\src\extended\proc\p18F87J50.asm
                   TXREG1   0x000fae       data     extern C:\MCC18\src\extended\proc\p18F87J50.asm
                    TXREG   0x000fae       data     extern C:\MCC18\src\extended\proc\p18F87J50.asm
                    RCREG   0x000faf       data     extern C:\MCC18\src\extended\proc\p18F87J50.asm
                   RCREG1   0x000faf       data     extern C:\MCC18\src\extended\proc\p18F87J50.asm
                    SPBRG   0x000fb0       data     extern C:\MCC18\src\extended\proc\p18F87J50.asm
                   SPBRG1   0x000fb0       data     extern C:\MCC18\src\extended\proc\p18F87J50.asm
                 ECCP3CON   0x000fb1       data     extern C:\MCC18\src\extended\proc\p18F87J50.asm
             ECCP3CONbits   0x000fb1       data     extern C:\MCC18\src\extended\proc\p18F87J50.asm
              CCP3CONbits   0x000fb1       data     extern C:\MCC18\src\extended\proc\p18F87J50.asm
                  CCP3CON   0x000fb1       data     extern C:\MCC18\src\extended\proc\p18F87J50.asm
                   CCPR3L   0x000fb2       data     extern C:\MCC18\src\extended\proc\p18F87J50.asm
                    CCPR3   0x000fb2       data     extern C:\MCC18\src\extended\proc\p18F87J50.asm
                   CCPR3H   0x000fb3       data     extern C:\MCC18\src\extended\proc\p18F87J50.asm
                 ECCP3DEL   0x000fb4       data     extern C:\MCC18\src\extended\proc\p18F87J50.asm
             ECCP3DELbits   0x000fb4       data     extern C:\MCC18\src\extended\proc\p18F87J50.asm
                  ECCP3AS   0x000fb5       data     extern C:\MCC18\src\extended\proc\p18F87J50.asm
              ECCP3ASbits   0x000fb5       data     extern C:\MCC18\src\extended\proc\p18F87J50.asm
             ECCP2CONbits   0x000fb6       data     extern C:\MCC18\src\extended\proc\p18F87J50.asm
                 ECCP2CON   0x000fb6       data     extern C:\MCC18\src\extended\proc\p18F87J50.asm
                  CCP2CON   0x000fb6       data     extern C:\MCC18\src\extended\proc\p18F87J50.asm
              CCP2CONbits   0x000fb6       data     extern C:\MCC18\src\extended\proc\p18F87J50.asm
                    CCPR2   0x000fb7       data     extern C:\MCC18\src\extended\proc\p18F87J50.asm
                   CCPR2L   0x000fb7       data     extern C:\MCC18\src\extended\proc\p18F87J50.asm
                   CCPR2H   0x000fb8       data     extern C:\MCC18\src\extended\proc\p18F87J50.asm
             ECCP2DELbits   0x000fb9       data     extern C:\MCC18\src\extended\proc\p18F87J50.asm
                 ECCP2DEL   0x000fb9       data     extern C:\MCC18\src\extended\proc\p18F87J50.asm
              ECCP2ASbits   0x000fba       data     extern C:\MCC18\src\extended\proc\p18F87J50.asm
                  ECCP2AS   0x000fba       data     extern C:\MCC18\src\extended\proc\p18F87J50.asm
             ECCP1CONbits   0x000fbb       data     extern C:\MCC18\src\extended\proc\p18F87J50.asm
                 ECCP1CON   0x000fbb       data     extern C:\MCC18\src\extended\proc\p18F87J50.asm
              CCP1CONbits   0x000fbb       data     extern C:\MCC18\src\extended\proc\p18F87J50.asm
                  CCP1CON   0x000fbb       data     extern C:\MCC18\src\extended\proc\p18F87J50.asm
                   CCPR1L   0x000fbc       data     extern C:\MCC18\src\extended\proc\p18F87J50.asm
                    CCPR1   0x000fbc       data     extern C:\MCC18\src\extended\proc\p18F87J50.asm
                   CCPR1H   0x000fbd       data     extern C:\MCC18\src\extended\proc\p18F87J50.asm
             ECCP1DELbits   0x000fbe       data     extern C:\MCC18\src\extended\proc\p18F87J50.asm
                 ECCP1DEL   0x000fbe       data     extern C:\MCC18\src\extended\proc\p18F87J50.asm
                  ECCP1AS   0x000fbf       data     extern C:\MCC18\src\extended\proc\p18F87J50.asm
              ECCP1ASbits   0x000fbf       data     extern C:\MCC18\src\extended\proc\p18F87J50.asm
                   WDTCON   0x000fc0       data     extern C:\MCC18\src\extended\proc\p18F87J50.asm
               WDTCONbits   0x000fc0       data     extern C:\MCC18\src\extended\proc\p18F87J50.asm
               ANCON0bits   0x000fc1       data     extern C:\MCC18\src\extended\proc\p18F87J50.asm
                   ANCON0   0x000fc1       data     extern C:\MCC18\src\extended\proc\p18F87J50.asm
               ADCON1bits   0x000fc1       data     extern C:\MCC18\src\extended\proc\p18F87J50.asm
                   ADCON1   0x000fc1       data     extern C:\MCC18\src\extended\proc\p18F87J50.asm
                   ADCON0   0x000fc2       data     extern C:\MCC18\src\extended\proc\p18F87J50.asm
               ADCON0bits   0x000fc2       data     extern C:\MCC18\src\extended\proc\p18F87J50.asm
               ANCON1bits   0x000fc2       data     extern C:\MCC18\src\extended\proc\p18F87J50.asm
                   ANCON1   0x000fc2       data     extern C:\MCC18\src\extended\proc\p18F87J50.asm
                    ADRES   0x000fc3       data     extern C:\MCC18\src\extended\proc\p18F87J50.asm
                   ADRESL   0x000fc3       data     extern C:\MCC18\src\extended\proc\p18F87J50.asm
                   ADRESH   0x000fc4       data     extern C:\MCC18\src\extended\proc\p18F87J50.asm
              SSPCON2bits   0x000fc5       data     extern C:\MCC18\src\extended\proc\p18F87J50.asm
                  SSPCON2   0x000fc5       data     extern C:\MCC18\src\extended\proc\p18F87J50.asm
             SSP1CON2bits   0x000fc5       data     extern C:\MCC18\src\extended\proc\p18F87J50.asm
                 SSP1CON2   0x000fc5       data     extern C:\MCC18\src\extended\proc\p18F87J50.asm
                  SSPCON1   0x000fc6       data     extern C:\MCC18\src\extended\proc\p18F87J50.asm
              SSPCON1bits   0x000fc6       data     extern C:\MCC18\src\extended\proc\p18F87J50.asm
             SSP1CON1bits   0x000fc6       data     extern C:\MCC18\src\extended\proc\p18F87J50.asm
                 SSP1CON1   0x000fc6       data     extern C:\MCC18\src\extended\proc\p18F87J50.asm
              SSPSTATbits   0x000fc7       data     extern C:\MCC18\src\extended\proc\p18F87J50.asm
                  SSPSTAT   0x000fc7       data     extern C:\MCC18\src\extended\proc\p18F87J50.asm
             SSP1STATbits   0x000fc7       data     extern C:\MCC18\src\extended\proc\p18F87J50.asm
                 SSP1STAT   0x000fc7       data     extern C:\MCC18\src\extended\proc\p18F87J50.asm
                  SSP1ADD   0x000fc8       data     extern C:\MCC18\src\extended\proc\p18F87J50.asm
                  SSP1MSK   0x000fc8       data     extern C:\MCC18\src\extended\proc\p18F87J50.asm
                   SSPADD   0x000fc8       data     extern C:\MCC18\src\extended\proc\p18F87J50.asm
                  SSP1BUF   0x000fc9       data     extern C:\MCC18\src\extended\proc\p18F87J50.asm
                   SSPBUF   0x000fc9       data     extern C:\MCC18\src\extended\proc\p18F87J50.asm
                    T2CON   0x000fca       data     extern C:\MCC18\src\extended\proc\p18F87J50.asm
                T2CONbits   0x000fca       data     extern C:\MCC18\src\extended\proc\p18F87J50.asm
                   MEMCON   0x000fcb       data     extern C:\MCC18\src\extended\proc\p18F87J50.asm
                      PR2   0x000fcb       data     extern C:\MCC18\src\extended\proc\p18F87J50.asm
               MEMCONbits   0x000fcb       data     extern C:\MCC18\src\extended\proc\p18F87J50.asm
                     TMR2   0x000fcc       data     extern C:\MCC18\src\extended\proc\p18F87J50.asm
              PADCFG1bits   0x000fcc       data     extern C:\MCC18\src\extended\proc\p18F87J50.asm
                  PADCFG1   0x000fcc       data     extern C:\MCC18\src\extended\proc\p18F87J50.asm
                T1CONbits   0x000fcd       data     extern C:\MCC18\src\extended\proc\p18F87J50.asm
               ODCON3bits   0x000fcd       data     extern C:\MCC18\src\extended\proc\p18F87J50.asm
                    T1CON   0x000fcd       data     extern C:\MCC18\src\extended\proc\p18F87J50.asm
                   ODCON3   0x000fcd       data     extern C:\MCC18\src\extended\proc\p18F87J50.asm
                   ODCON2   0x000fce       data     extern C:\MCC18\src\extended\proc\p18F87J50.asm
               ODCON2bits   0x000fce       data     extern C:\MCC18\src\extended\proc\p18F87J50.asm
                    TMR1L   0x000fce       data     extern C:\MCC18\src\extended\proc\p18F87J50.asm
                    TMR1H   0x000fcf       data     extern C:\MCC18\src\extended\proc\p18F87J50.asm
               ODCON1bits   0x000fcf       data     extern C:\MCC18\src\extended\proc\p18F87J50.asm
                   ODCON1   0x000fcf       data     extern C:\MCC18\src\extended\proc\p18F87J50.asm
                 RCONbits   0x000fd0       data     extern C:\MCC18\src\extended\proc\p18F87J50.asm
                     RCON   0x000fd0       data     extern C:\MCC18\src\extended\proc\p18F87J50.asm
                   CM2CON   0x000fd1       data     extern C:\MCC18\src\extended\proc\p18F87J50.asm
                  CM2CON1   0x000fd1       data     extern C:\MCC18\src\extended\proc\p18F87J50.asm
              CM2CON1bits   0x000fd1       data     extern C:\MCC18\src\extended\proc\p18F87J50.asm
               CM2CONbits   0x000fd1       data     extern C:\MCC18\src\extended\proc\p18F87J50.asm
                   CM1CON   0x000fd2       data     extern C:\MCC18\src\extended\proc\p18F87J50.asm
               CM1CONbits   0x000fd2       data     extern C:\MCC18\src\extended\proc\p18F87J50.asm
              CM1CON1bits   0x000fd2       data     extern C:\MCC18\src\extended\proc\p18F87J50.asm
                  CM1CON1   0x000fd2       data     extern C:\MCC18\src\extended\proc\p18F87J50.asm
                   OSCCON   0x000fd3       data     extern C:\MCC18\src\extended\proc\p18F87J50.asm
               OSCCONbits   0x000fd3       data     extern C:\MCC18\src\extended\proc\p18F87J50.asm
                  REFOCON   0x000fd3       data     extern C:\MCC18\src\extended\proc\p18F87J50.asm
              REFOCONbits   0x000fd3       data     extern C:\MCC18\src\extended\proc\p18F87J50.asm
                    T0CON   0x000fd5       data     extern C:\MCC18\src\extended\proc\p18F87J50.asm
                T0CONbits   0x000fd5       data     extern C:\MCC18\src\extended\proc\p18F87J50.asm
                    TMR0L   0x000fd6       data     extern C:\MCC18\src\extended\proc\p18F87J50.asm
                    TMR0H   0x000fd7       data     extern C:\MCC18\src\extended\proc\p18F87J50.asm
                   STATUS   0x000fd8       data     extern C:\MCC18\src\extended\proc\p18F87J50.asm
               STATUSbits   0x000fd8       data     extern C:\MCC18\src\extended\proc\p18F87J50.asm
                    FSR2L   0x000fd9       data     extern C:\MCC18\src\extended\proc\p18F87J50.asm
                     FSR2   0x000fd9       data     extern C:\MCC18\src\extended\proc\p18F87J50.asm
                    FSR2H   0x000fda       data     extern C:\MCC18\src\extended\proc\p18F87J50.asm
                   PLUSW2   0x000fdb       data     extern C:\MCC18\src\extended\proc\p18F87J50.asm
                  PREINC2   0x000fdc       data     extern C:\MCC18\src\extended\proc\p18F87J50.asm
                 POSTDEC2   0x000fdd       data     extern C:\MCC18\src\extended\proc\p18F87J50.asm
                 POSTINC2   0x000fde       data     extern C:\MCC18\src\extended\proc\p18F87J50.asm
                    INDF2   0x000fdf       data     extern C:\MCC18\src\extended\proc\p18F87J50.asm
                      BSR   0x000fe0       data     extern C:\MCC18\src\extended\proc\p18F87J50.asm
                     FSR1   0x000fe1       data     extern C:\MCC18\src\extended\proc\p18F87J50.asm
                    FSR1L   0x000fe1       data     extern C:\MCC18\src\extended\proc\p18F87J50.asm
                    FSR1H   0x000fe2       data     extern C:\MCC18\src\extended\proc\p18F87J50.asm
                   PLUSW1   0x000fe3       data     extern C:\MCC18\src\extended\proc\p18F87J50.asm
                  PREINC1   0x000fe4       data     extern C:\MCC18\src\extended\proc\p18F87J50.asm
                 POSTDEC1   0x000fe5       data     extern C:\MCC18\src\extended\proc\p18F87J50.asm
                 POSTINC1   0x000fe6       data     extern C:\MCC18\src\extended\proc\p18F87J50.asm
                    INDF1   0x000fe7       data     extern C:\MCC18\src\extended\proc\p18F87J50.asm
                     WREG   0x000fe8       data     extern C:\MCC18\src\extended\proc\p18F87J50.asm
                    FSR0L   0x000fe9       data     extern C:\MCC18\src\extended\proc\p18F87J50.asm
                     FSR0   0x000fe9       data     extern C:\MCC18\src\extended\proc\p18F87J50.asm
                    FSR0H   0x000fea       data     extern C:\MCC18\src\extended\proc\p18F87J50.asm
                   PLUSW0   0x000feb       data     extern C:\MCC18\src\extended\proc\p18F87J50.asm
                  PREINC0   0x000fec       data     extern C:\MCC18\src\extended\proc\p18F87J50.asm
                 POSTDEC0   0x000fed       data     extern C:\MCC18\src\extended\proc\p18F87J50.asm
                 POSTINC0   0x000fee       data     extern C:\MCC18\src\extended\proc\p18F87J50.asm
                    INDF0   0x000fef       data     extern C:\MCC18\src\extended\proc\p18F87J50.asm
                  INTCON3   0x000ff0       data     extern C:\MCC18\src\extended\proc\p18F87J50.asm
              INTCON3bits   0x000ff0       data     extern C:\MCC18\src\extended\proc\p18F87J50.asm
              INTCON2bits   0x000ff1       data     extern C:\MCC18\src\extended\proc\p18F87J50.asm
                  INTCON2   0x000ff1       data     extern C:\MCC18\src\extended\proc\p18F87J50.asm
                   INTCON   0x000ff2       data     extern C:\MCC18\src\extended\proc\p18F87J50.asm
               INTCONbits   0x000ff2       data     extern C:\MCC18\src\extended\proc\p18F87J50.asm
                    PRODL   0x000ff3       data     extern C:\MCC18\src\extended\proc\p18F87J50.asm
                     PROD   0x000ff3       data     extern C:\MCC18\src\extended\proc\p18F87J50.asm
                    PRODH   0x000ff4       data     extern C:\MCC18\src\extended\proc\p18F87J50.asm
                   TABLAT   0x000ff5       data     extern C:\MCC18\src\extended\proc\p18F87J50.asm
                   TBLPTR   0x000ff6       data     extern C:\MCC18\src\extended\proc\p18F87J50.asm
                  TBLPTRL   0x000ff6       data     extern C:\MCC18\src\extended\proc\p18F87J50.asm
                  TBLPTRH   0x000ff7       data     extern C:\MCC18\src\extended\proc\p18F87J50.asm
                  TBLPTRU   0x000ff8       data     extern C:\MCC18\src\extended\proc\p18F87J50.asm
                      PCL   0x000ff9       data     extern C:\MCC18\src\extended\proc\p18F87J50.asm
                       PC   0x000ff9       data     extern C:\MCC18\src\extended\proc\p18F87J50.asm
                   PCLATH   0x000ffa       data     extern C:\MCC18\src\extended\proc\p18F87J50.asm
                   PCLATU   0x000ffb       data     extern C:\MCC18\src\extended\proc\p18F87J50.asm
                   STKPTR   0x000ffc       data     extern C:\MCC18\src\extended\proc\p18F87J50.asm
               STKPTRbits   0x000ffc       data     extern C:\MCC18\src\extended\proc\p18F87J50.asm
                      TOS   0x000ffd       data     extern C:\MCC18\src\extended\proc\p18F87J50.asm
                     TOSL   0x000ffd       data     extern C:\MCC18\src\extended\proc\p18F87J50.asm
                     TOSH   0x000ffe       data     extern C:\MCC18\src\extended\proc\p18F87J50.asm
                     TOSU   0x000fff       data     extern C:\MCC18\src\extended\proc\p18F87J50.asm


